Component: ARM Compiler 5.06 update 7 (build 960) Tool: armlink [4d3601]

==============================================================================

Section Cross References

    stm32f10x_adc.o(.text) refers to stm32f10x_rcc.o(.text) for RCC_APB2PeriphResetCmd
    stm32f10x_can.o(.text) refers to stm32f10x_rcc.o(.text) for RCC_APB1PeriphResetCmd
    stm32f10x_dac.o(.text) refers to stm32f10x_rcc.o(.text) for RCC_APB1PeriphResetCmd
    stm32f10x_gpio.o(.text) refers to stm32f10x_rcc.o(.text) for RCC_APB2PeriphResetCmd
    stm32f10x_rcc.o(.text) refers to stm32f10x_rcc.o(.data) for .data
    startup_stm32f10x_cl.o(RESET) refers to startup_stm32f10x_cl.o(STACK) for __initial_sp
    startup_stm32f10x_cl.o(RESET) refers to startup_stm32f10x_cl.o(.text) for Reset_Handler
    startup_stm32f10x_cl.o(RESET) refers to yxf105gy_cls_canweb2.o(i.SysTick_Handler) for SysTick_Handler
    startup_stm32f10x_cl.o(RESET) refers to yxf105gy_cls_canweb2.o(i.PVD_IRQHandler) for PVD_IRQHandler
    startup_stm32f10x_cl.o(RESET) refers to main.o(.text) for CAN1_RX0_IRQHandler
    startup_stm32f10x_cl.o(RESET) refers to bsp_usart.o(.text) for USART3_IRQHandler
    startup_stm32f10x_cl.o(.text) refers to system_stm32f10x.o(.text) for SystemInit
    startup_stm32f10x_cl.o(.text) refers to entry.o(.ARM.Collect$$$$00000000) for __main
    stm32f10x_pwr.o(.text) refers to stm32f10x_rcc.o(.text) for RCC_APB1PeriphResetCmd
    stm32f10x_usart.o(.text) refers to stm32f10x_rcc.o(.text) for RCC_APB2PeriphResetCmd
    stm32f10x_spi.o(.text) refers to stm32f10x_rcc.o(.text) for RCC_APB2PeriphResetCmd
    main.o(.text) refers to yxf105gy_cls_canweb2.o(i._ZN8C_CANWeb9RcvCANMsgEhh) for C_CANWeb::RcvCANMsg(unsigned char, unsigned char)
    main.o(.text) refers to system_stm32f10x.o(.text) for SystemInit
    main.o(.text) refers to yxf105gy_cls_canweb2.o(i._Z12zcTimer_Initv) for zcTimer_Init()
    main.o(.text) refers to yxf105gy_cls_canweb2.o(i._ZN7C_TimerC1Ev) for C_Timer::C_Timer()
    main.o(.text) refers to yxf105gy_cls_canweb2.o(i._ZN7C_Timer7InitialEv) for C_Timer::Initial()
    main.o(.text) refers to yxf105gy_cls_canweb2.o(i._ZN9C_CfgSWDI7InitialEv) for C_CfgSWDI::Initial()
    main.o(.text) refers to bsp_usart.o(.text) for USART_Config
    main.o(.text) refers to app.o(.text) for paraCheck()
    main.o(.text) refers to app_usart.o(.text) for APP_USART_Config
    main.o(.text) refers to yxf105gy_cls_canweb2.o(i._ZN8C_CANWeb18Scan_for_SndCANMsgEv) for C_CANWeb::Scan_for_SndCANMsg()
    main.o(.text) refers to main_cls_didoaiao.o(.text) for C_DIDOAIAO::Scanfor()
    main.o(.text) refers to yxf105gy_cls_canweb2.o(i._ZN7C_Timer9PastX10uSEv) for C_Timer::PastX10uS()
    main.o(.text) refers to yxf105gy_cls_canweb2.o(i._ZN7C_Timer5ResetEv) for C_Timer::Reset()
    main.o(.text) refers to yxf105gy_cls_canweb2.o(i._ZN9C_CfgSWDI13Scan_for100uSEv) for C_CfgSWDI::Scan_for100uS()
    main.o(.text) refers to yxf105gy_cls_canweb2.o(i._Z16IAP_buf_EraseFunh) for IAP_buf_EraseFun(unsigned char)
    main.o(.text) refers to yxf105gy_cls_canweb2.o(i._Z16IAP_buf_WriteFunhPvt) for IAP_buf_WriteFun(unsigned char, void*, unsigned short)
    main.o(.text) refers to yxf105gy_cls_canweb2.o(i._Z18IAP_buf_FLASH_Lockv) for IAP_buf_FLASH_Lock()
    main.o(.text) refers to yxf105gy_cls_canweb2.o(i._Z8WDT_Feedv) for WDT_Feed()
    main.o(.text) refers to yxf105gy_cls_canweb2.o(i._Z15IAP_buf_ReadFunhPvt) for IAP_buf_ReadFun(unsigned char, void*, unsigned short)
    main.o(.text) refers to yxf105gy_cls_canweb2.o(i._Z8WDT_Initt) for WDT_Init(unsigned short)
    main.o(.text) refers to yxf105gy_cls_canweb2.o(.bss) for cCW
    main.o(.text) refers to yxf105gy_cls_canweb2.o(.bss) for CmAI_Bf
    main.o(.text) refers to yxf105gy_cls_canweb2.o(.data) for PZAI
    main.o(.text) refers to main.o(.bss) for .bss
    main.o(.text) refers to main.o(.data) for .data
    main.o(.text) refers to yxf105gy_cls_canweb2.o(.data) for zCCfgSW_DIOnOffBefore
    main.o(.ARM.exidx) refers to main.o(.text) for .text
    main.o(.init_array) refers to main.o(.text) for __sti___8_main_cpp_cIO
    main.o(.init_array) refers to cpp_init.o(.text) for __cpp_initialize__aeabi_
    main_cls_didoaiao.o(.text) refers to stm32f10x_gpio.o(.text) for GPIO_ResetBits
    main_cls_didoaiao.o(.text) refers to yxf105gy_cls_canweb2.o(i._ZN8C_CANWeb9SIO_AISetEts) for C_CANWeb::SIO_AISet(unsigned short, short)
    main_cls_didoaiao.o(.text) refers to stm32f10x_rcc.o(.text) for RCC_APB2PeriphClockCmd
    main_cls_didoaiao.o(.text) refers to stm32f10x_dma.o(.text) for DMA_DeInit
    main_cls_didoaiao.o(.text) refers to stm32f10x_adc.o(.text) for ADC_Init
    main_cls_didoaiao.o(.text) refers to yxf105gy_cls_canweb2.o(i._ZN8C_CANWeb7InitialEv) for C_CANWeb::Initial()
    main_cls_didoaiao.o(.text) refers to yxf105gy_cls_canweb2.o(i._ZN7C_Timer7InitialEv) for C_Timer::Initial()
    main_cls_didoaiao.o(.text) refers to yxf105gy_cls_canweb2.o(i._ZN8C_CANWeb15SIO_TemperatureEs) for C_CANWeb::SIO_Temperature(short)
[...]
    Removing system_stm32f10x.o(.rrx_text), (6 bytes).
    Removing system_stm32f10x.o(.constdata), (4 bytes).
    Removing system_stm32f10x.o(.constdata), (4 bytes).
    Removing system_stm32f10x.o(.constdata), (4 bytes).
    Removing system_stm32f10x.o(.constdata), (4 bytes).
    Removing stm32f10x_pwr.o(.rev16_text), (4 bytes).
    Removing stm32f10x_pwr.o(.revsh_text), (4 bytes).
    Removing stm32f10x_pwr.o(.rrx_text), (6 bytes).
    Removing stm32f10x_exti.o(.rev16_text), (4 bytes).
    Removing stm32f10x_exti.o(.revsh_text), (4 bytes).
    Removing stm32f10x_exti.o(.rrx_text), (6 bytes).
    Removing stm32f10x_usart.o(.rev16_text), (4 bytes).
    Removing stm32f10x_usart.o(.revsh_text), (4 bytes).
    Removing stm32f10x_usart.o(.rrx_text), (6 bytes).
    Removing stm32f10x_spi.o(.rev16_text), (4 bytes).
    Removing stm32f10x_spi.o(.revsh_text), (4 bytes).
    Removing stm32f10x_spi.o(.rrx_text), (6 bytes).
    Removing stm32f10x_spi.o(.text), (700 bytes).
    Removing main.o(.rev16_text), (4 bytes).
    Removing main.o(.revsh_text), (4 bytes).
    Removing main.o(.rrx_text), (6 bytes).
    Removing main.o(.ARM.exidx), (8 bytes).
    Removing main.o(.data), (4 bytes).
    Removing main_cls_didoaiao.o(.rev16_text), (4 bytes).
    Removing main_cls_didoaiao.o(.revsh_text), (4 bytes).
    Removing main_cls_didoaiao.o(.rrx_text), (6 bytes).
    Removing main_cls_didoaiao.o(.ARM.exidx), (8 bytes).
    Removing mapping.o(.rev16_text), (4 bytes).
    Removing mapping.o(.revsh_text), (4 bytes).
    Removing mapping.o(.rrx_text), (6 bytes).
    Removing bsp_usart.o(.rev16_text), (4 bytes).
    Removing bsp_usart.o(.revsh_text), (4 bytes).
    Removing bsp_usart.o(.rrx_text), (6 bytes).
    Removing bsp_spi.o(.rev16_text), (4 bytes).
    Removing bsp_spi.o(.revsh_text), (4 bytes).
    Removing bsp_spi.o(.rrx_text), (6 bytes).
    Removing bsp_spi.o(.text), (888 bytes).
    Removing bsp_spi.o(.data), (4 bytes).
    Removing app.o(.rev16_text), (4 bytes).
    Removing app.o(.revsh_text), (4 bytes).
    Removing app.o(.rrx_text), (6 bytes).
    Removing app.o(.ARM.exidx), (8 bytes).
    Removing app.o(.bss), (16 bytes).
    Removing app_usart.o(.rev16_text), (4 bytes).
    Removing app_usart.o(.revsh_text), (4 bytes).
    Removing app_usart.o(.rrx_text), (6 bytes).
    Removing yxf105gy_cls_canweb2.o(.rev16_text), (4 bytes).
    Removing yxf105gy_cls_canweb2.o(.revsh_text), (4 bytes).
    Removing yxf105gy_cls_canweb2.o(i._Z11BOD_ReadFuntPvt), (48 bytes).
    Removing yxf105gy_cls_canweb2.o(i._Z12BOD_WriteFuntPvt), (44 bytes).
    Removing yxf105gy_cls_canweb2.o(i._Z15BOD_InitAfter3Sv), (96 bytes).
    Removing yxf105gy_cls_canweb2.o(i._Z8uint16FXt), (10 bytes).
    Removing yxf105gy_cls_canweb2.o(i._ZN11C_CmAIAO_Bf11GetByteFmAIEt), (52 bytes).
    Removing yxf105gy_cls_canweb2.o(i._ZN11C_CmAIAO_Bf11GetByteFmAOEt), (52 bytes).
    Removing yxf105gy_cls_canweb2.o(i._ZN11C_CmAIAO_Bf11SetByteToAOEth), (76 bytes).
    Removing yxf105gy_cls_canweb2.o(i._ZN11C_CmAIAO_Bf5RstAOEtt), (36 bytes).
    Removing yxf105gy_cls_canweb2.o(i._ZN11C_CmAIAO_Bf9GetDIFmAIEt), (44 bytes).
    Removing yxf105gy_cls_canweb2.o(i._ZN11C_CmAIAO_Bf9RstDOToAOEt), (48 bytes).
    Removing yxf105gy_cls_canweb2.o(i._ZN11C_CmAIAO_Bf9SetDOToAOEt), (48 bytes).
    Removing yxf105gy_cls_canweb2.o(i._ZN7C_Timer8SetX10uSEj), (20 bytes).
    Removing yxf105gy_cls_canweb2.o(i._ZN8C_CANWeb11SIO_GYAOValEt), (28 bytes).
    Removing yxf105gy_cls_canweb2.o(i._ZN8C_CANWeb21SIO_AfterRcvCANBagTmSEv), (8 bytes).
    Removing yxf105gy_cls_canweb2.o(.ARM.exidx), (8 bytes).
    Removing yxf105gy_cls_canweb2.o(.ARM.exidx), (8 bytes).
    Removing yxf105gy_cls_canweb2.o(.ARM.exidx), (8 bytes).
    Removing yxf105gy_cls_canweb2.o(.ARM.exidx), (8 bytes).
    Removing yxf105gy_cls_canweb2.o(.ARM.exidx), (8 bytes).
    Removing yxf105gy_cls_canweb2.o(.ARM.exidx), (8 bytes).
    Removing yxf105gy_cls_canweb2.o(.ARM.exidx), (8 bytes).
    Removing yxf105gy_cls_canweb2.o(.ARM.exidx), (8 bytes).
    Removing yxf105gy_cls_canweb2.o(.ARM.exidx), (8 bytes).
    Removing yxf105gy_cls_canweb2.o(.ARM.exidx), (8 bytes).
    Removing yxf105gy_cls_canweb2.o(.ARM.exidx), (8 bytes).
    Removing yxf105gy_cls_canweb2.o(.ARM.exidx), (8 bytes).
    Removing yxf105gy_cls_canweb2.o(.ARM.exidx), (8 bytes).
    Removing yxf105gy_cls_canweb2.o(.ARM.exidx), (8 bytes).
    Removing yxf105gy_cls_canweb2.o(.ARM.exidx), (8 bytes).
    Removing yxf105gy_cls_canweb2.o(.ARM.exidx), (8 bytes).
    Removing yxf105gy_cls_canweb2.o(.ARM.exidx), (8 bytes).
    Removing yxf105gy_cls_canweb2.o(.ARM.exidx), (8 bytes).
    Removing yxf105gy_cls_canweb2.o(.ARM.exidx), (8 bytes).
    Removing yxf105gy_cls_canweb2.o(.ARM.exidx), (8 bytes).
    Removing yxf105gy_cls_canweb2.o(.ARM.exidx), (8 bytes).
    Removing yxf105gy_cls_canweb2.o(.ARM.exidx), (8 bytes).
    Removing yxf105gy_cls_canweb2.o(.ARM.exidx), (8 bytes).
    Removing yxf105gy_cls_canweb2.o(.ARM.exidx), (8 bytes).
    Removing yxf105gy_cls_canweb2.o(.ARM.exidx), (8 bytes).
    Removing yxf105gy_cls_canweb2.o(.ARM.exidx), (8 bytes).
    Removing yxf105gy_cls_canweb2.o(.ARM.exidx), (8 bytes).
    Removing yxf105gy_cls_canweb2.o(.ARM.exidx), (8 bytes).
    Removing yxf105gy_cls_canweb2.o(.ARM.exidx), (8 bytes).
    Removing yxf105gy_cls_canweb2.o(.ARM.exidx), (8 bytes).
    Removing yxf105gy_cls_canweb2.o(.ARM.exidx), (8 bytes).
    Removing yxf105gy_cls_canweb2.o(.ARM.exidx), (8 bytes).
    Removing yxf105gy_cls_canweb2.o(.ARM.exidx), (8 bytes).
    Removing yxf105gy_cls_canweb2.o(.ARM.exidx), (8 bytes).
    Removing yxf105gy_cls_canweb2.o(.ARM.exidx), (8 bytes).
    Removing yxf105gy_cls_canweb2.o(.ARM.exidx), (8 bytes).
    Removing yxf105gy_cls_canweb2.o(.ARM.exidx), (8 bytes).
    Removing yxf105gy_cls_canweb2.o(.ARM.exidx), (8 bytes).
    Removing yxf105gy_cls_canweb2.o(.ARM.exidx), (8 bytes).
    Removing yxf105gy_cls_canweb2.o(.ARM.exidx), (8 bytes).
    Removing yxf105gy_cls_canweb2.o(.ARM.exidx), (8 bytes).
    Removing yxf105gy_cls_canweb2.o(.ARM.exidx), (8 bytes).
    Removing yxf105gy_cls_canweb2.o(.ARM.exidx), (8 bytes).
    Removing yxf105gy_cls_canweb2.o(.ARM.exidx), (8 bytes).
    Removing yxf105gy_cls_canweb2.o(.ARM.exidx), (8 bytes).
    Removing yxf105gy_cls_canweb2.o(.ARM.exidx), (8 bytes).
    Removing yxf105gy_cls_canweb2.o(.ARM.exidx), (8 bytes).
    Removing yxf105gy_cls_canweb2.o(.ARM.exidx), (8 bytes).
    Removing yxf105gy_cls_canweb2.o(.ARM.exidx), (8 bytes).
    Removing yxf105gy_cls_canweb2.o(.ARM.exidx), (8 bytes).
    Removing yxf105gy_cls_canweb2.o(.ARM.exidx), (8 bytes).
    Removing yxf105gy_cls_canweb2.o(.bss), (16 bytes).
    Removing dadd.o(.text), (334 bytes).
    Removing dmul.o(.text), (228 bytes).
    Removing ddiv.o(.text), (222 bytes).
    Removing dfixul.o(.text), (48 bytes).
    Removing cdrcmple.o(.text), (48 bytes).
    Removing depilogue.o(.text), (186 bytes).

151 unused section(s) (total 4818 bytes) removed from the image.

==============================================================================

Image Symbol Table

    Local Symbols

    Symbol Name                              Value     Ov Type        Size  Object(Section)

    ../clib/microlib/cpp/cpp_init.c          0x00000000   Number         0  cpp_init.o ABSOLUTE
    ../clib/microlib/cpp/cpp_init.c          0x00000000   Number         0  cpp_init.o ABSOLUTE
    ../clib/microlib/division.c              0x00000000   Number         0  uldiv.o ABSOLUTE
    ../clib/microlib/division.c              0x00000000   Number         0  uidiv.o ABSOLUTE
    ../clib/microlib/init/entry.s            0x00000000   Number         0  entry7b.o ABSOLUTE
    ../clib/microlib/init/entry.s            0x00000000   Number         0  entry7a.o ABSOLUTE
    ../clib/microlib/init/entry.s            0x00000000   Number         0  entry8a.o ABSOLUTE
    ../clib/microlib/init/entry.s            0x00000000   Number         0  entry5.o ABSOLUTE
    ../clib/microlib/init/entry.s            0x00000000   Number         0  entry10a.o ABSOLUTE
    ../clib/microlib/init/entry.s            0x00000000   Number         0  entry2.o ABSOLUTE
    ../clib/microlib/init/entry.s            0x00000000   Number         0  entry8b.o ABSOLUTE
    ../clib/microlib/init/entry.s            0x00000000   Number         0  entry.o ABSOLUTE
    ../clib/microlib/init/entry.s            0x00000000   Number         0  entry9a.o ABSOLUTE
    ../clib/microlib/init/entry.s            0x00000000   Number         0  entry9b.o ABSOLUTE
    ../clib/microlib/init/entry.s            0x00000000   Number         0  entry10b.o ABSOLUTE
    ../clib/microlib/init/entry.s            0x00000000   Number         0  entry12a.o ABSOLUTE
    ../clib/microlib/init/entry.s            0x00000000   Number         0  entry11a.o ABSOLUTE
    ../clib/microlib/init/entry.s            0x00000000   Number         0  entry11b.o ABSOLUTE
    ../clib/microlib/init/entry.s            0x00000000   Number         0  entry12b.o ABSOLUTE
    ../clib/microlib/longlong.c              0x00000000   Number         0  llsshr.o ABSOLUTE
    ../clib/microlib/longlong.c              0x00000000   Number         0  llushr.o ABSOLUTE
    ../clib/microlib/longlong.c              0x00000000   Number         0  llshl.o ABSOLUTE
    ../clib/microlib/printf/printf.c         0x00000000   Number         0  printf4.o ABSOLUTE
    ../clib/microlib/printf/printf.c         0x00000000   Number         0  printf2.o ABSOLUTE
    ../clib/microlib/printf/printf.c         0x00000000   Number         0  printf1.o ABSOLUTE
    ../clib/microlib/printf/printf.c         0x00000000   Number         0  printfa.o ABSOLUTE
    ../clib/microlib/printf/printf.c         0x00000000   Number         0  printf0.o ABSOLUTE
    ../clib/microlib/printf/printf.c         0x00000000   Number         0  printfb.o ABSOLUTE
    ../clib/microlib/printf/printf.c         0x00000000   Number         0  printf8.o ABSOLUTE
    ../clib/microlib/printf/printf.c         0x00000000   Number         0  printf3.o ABSOLUTE
    ../clib/microlib/printf/printf.c         0x00000000   Number         0  printf7.o ABSOLUTE
    ../clib/microlib/printf/printf.c         0x00000000   Number         0  printf6.o ABSOLUTE
    ../clib/microlib/printf/printf.c         0x00000000   Number         0  printf5.o ABSOLUTE
    ../clib/microlib/printf/stubs.s          0x00000000   Number         0  stubs.o ABSOLUTE
    ../clib/microlib/stdio/streams.c         0x00000000   Number         0  stdout.o ABSOLUTE
    ../clib/microlib/string/memcpy.c         0x00000000   Number         0  memcpyb.o ABSOLUTE
    ../clib/microlib/string/memcpy.c         0x00000000   Number         0  memcpya.o ABSOLUTE
    ../clib/microlib/stubs.s                 0x00000000   Number         0  iusefp.o ABSOLUTE
    ../fplib/microlib/fpadd.c                0x00000000   Number         0  dadd.o ABSOLUTE
    ../fplib/microlib/fpdiv.c                0x00000000   Number         0  ddiv.o ABSOLUTE
    ../fplib/microlib/fpepilogue.c           0x00000000   Number         0  depilogue.o ABSOLUTE
    ../fplib/microlib/fpfix.c                0x00000000   Number         0  dfixul.o ABSOLUTE
    ../fplib/microlib/fpmul.c                0x00000000   Number         0  dmul.o ABSOLUTE
    ..\001GY\YXGY\YXF105GY_CLS_CANWeb2.cpp   0x00000000   Number         0  yxf105gy_cls_canweb2.o ABSOLUTE
    ..\\001GY\\YXGY\\YXF105GY_CLS_CANWeb2.cpp 0x00000000   Number         0  yxf105gy_cls_canweb2.o ABSOLUTE
    Device\Source\ARM\startup_stm32f10x_cl.s 0x00000000   Number         0  startup_stm32f10x_cl.o ABSOLUTE
    Device\Source\system_stm32f10x.c         0x00000000   Number         0  system_stm32f10x.o ABSOLUTE
    Device\\Source\\system_stm32f10x.c       0x00000000   Number         0  system_stm32f10x.o ABSOLUTE
    StdPeriph_Driver\\src\\misc.c            0x00000000   Number         0  misc.o ABSOLUTE
    StdPeriph_Driver\\src\\stm32f10x_adc.c   0x00000000   Number         0  stm32f10x_adc.o ABSOLUTE
    StdPeriph_Driver\\src\\stm32f10x_can.c   0x00000000   Number         0  stm32f10x_can.o ABSOLUTE
    StdPeriph_Driver\\src\\stm32f10x_dac.c   0x00000000   Number         0  stm32f10x_dac.o ABSOLUTE
    StdPeriph_Driver\\src\\stm32f10x_dma.c   0x00000000   Number         0  stm32f10x_dma.o ABSOLUTE
    StdPeriph_Driver\\src\\stm32f10x_exti.c  0x00000000   Number         0  stm32f10x_exti.o ABSOLUTE
    StdPeriph_Driver\\src\\stm32f10x_flash.c 0x00000000   Number         0  stm32f10x_flash.o ABSOLUTE
    StdPeriph_Driver\\src\\stm32f10x_gpio.c  0x00000000   Number         0  stm32f10x_gpio.o ABSOLUTE
    StdPeriph_Driver\\src\\stm32f10x_iwdg.c  0x00000000   Number         0  stm32f10x_iwdg.o ABSOLUTE
    StdPeriph_Driver\\src\\stm32f10x_pwr.c   0x00000000   Number         0  stm32f10x_pwr.o ABSOLUTE
    StdPeriph_Driver\\src\\stm32f10x_rcc.c   0x00000000   Number         0  stm32f10x_rcc.o ABSOLUTE
    StdPeriph_Driver\\src\\stm32f10x_spi.c   0x00000000   Number         0  stm32f10x_spi.o ABSOLUTE
    StdPeriph_Driver\\src\\stm32f10x_usart.c 0x00000000   Number         0  stm32f10x_usart.o ABSOLUTE
    StdPeriph_Driver\src\misc.c              0x00000000   Number         0  misc.o ABSOLUTE
    StdPeriph_Driver\src\stm32f10x_adc.c     0x00000000   Number         0  stm32f10x_adc.o ABSOLUTE
    StdPeriph_Driver\src\stm32f10x_can.c     0x00000000   Number         0  stm32f10x_can.o ABSOLUTE
    StdPeriph_Driver\src\stm32f10x_dac.c     0x00000000   Number         0  stm32f10x_dac.o ABSOLUTE
    StdPeriph_Driver\src\stm32f10x_dma.c     0x00000000   Number         0  stm32f10x_dma.o ABSOLUTE
    StdPeriph_Driver\src\stm32f10x_exti.c    0x00000000   Number         0  stm32f10x_exti.o ABSOLUTE
    StdPeriph_Driver\src\stm32f10x_flash.c   0x00000000   Number         0  stm32f10x_flash.o ABSOLUTE
    StdPeriph_Driver\src\stm32f10x_gpio.c    0x00000000   Number         0  stm32f10x_gpio.o ABSOLUTE
    StdPeriph_Driver\src\stm32f10x_iwdg.c    0x00000000   Number         0  stm32f10x_iwdg.o ABSOLUTE
    StdPeriph_Driver\src\stm32f10x_pwr.c     0x00000000   Number         0  stm32f10x_pwr.o ABSOLUTE
    StdPeriph_Driver\src\stm32f10x_rcc.c     0x00000000   Number         0  stm32f10x_rcc.o ABSOLUTE
    StdPeriph_Driver\src\stm32f10x_spi.c     0x00000000   Number         0  stm32f10x_spi.o ABSOLUTE
    StdPeriph_Driver\src\stm32f10x_usart.c   0x00000000   Number         0  stm32f10x_usart.o ABSOLUTE
    cdrcmple.s                               0x00000000   Number         0  cdrcmple.o ABSOLUTE
    dc.s                                     0x00000000   Number         0  dc.o ABSOLUTE
    handlers.s                               0x00000000   Number         0  handlers.o ABSOLUTE
    init.s                                   0x00000000   Number         0  init.o ABSOLUTE
    user\\app.cpp                            0x00000000   Number         0  app.o ABSOLUTE
    user\\app_usart.c                        0x00000000   Number         0  app_usart.o ABSOLUTE
    user\\bsp_spi.c                          0x00000000   Number         0  bsp_spi.o ABSOLUTE
    user\\bsp_usart.c                        0x00000000   Number         0  bsp_usart.o ABSOLUTE
    user\\main.cpp                           0x00000000   Number         0  main.o ABSOLUTE
    user\\main_CLS_DIDOAIAO.cpp              0x00000000   Number         0  main_cls_didoaiao.o ABSOLUTE
    user\\mapping.c                          0x00000000   Number         0  mapping.o ABSOLUTE
    user\app.cpp                             0x00000000   Number         0  app.o ABSOLUTE
    user\app_usart.c                         0x00000000   Number         0  app_usart.o ABSOLUTE
    user\bsp_spi.c                           0x00000000   Number         0  bsp_spi.o ABSOLUTE
    user\bsp_usart.c                         0x00000000   Number         0  bsp_usart.o ABSOLUTE
    user\jiexi.c                             0x00000000   Number         0  jiexi.o ABSOLUTE
    user\main.cpp                            0x00000000   Number         0  main.o ABSOLUTE
    user\main_CLS_DIDOAIAO.cpp               0x00000000   Number         0  main_cls_didoaiao.o ABSOLUTE
    user\mapping.c                           0x00000000   Number         0  mapping.o ABSOLUTE
    RESET                                    0x08000000   Section      336  startup_stm32f10x_cl.o(RESET)
    .ARM.Collect$$$$00000000                 0x08000150   Section        0  entry.o(.ARM.Collect$$$$00000000)
    .ARM.Collect$$$$00000001                 0x08000150   Section        4  entry2.o(.ARM.Collect$$$$00000001)
    .ARM.Collect$$$$00000004                 0x08000154   Section        4  entry5.o(.ARM.Collect$$$$00000004)
    .ARM.Collect$$$$00000008                 0x08000158   Section        0  entry7b.o(.ARM.Collect$$$$00000008)
    .ARM.Collect$$$$00000009                 0x08000158   Section        4  entry8a.o(.ARM.Collect$$$$00000009)
    .ARM.Collect$$$$0000000A                 0x0800015c   Section        0  entry8b.o(.ARM.Collect$$$$0000000A)
    .ARM.Collect$$$$0000000B                 0x0800015c   Section        8  entry9a.o(.ARM.Collect$$$$0000000B)
    .ARM.Collect$$$$0000000E                 0x08000164   Section        4  entry12b.o(.ARM.Collect$$$$0000000E)
    .ARM.Collect$$$$0000000F                 0x08000168   Section        0  entry10a.o(.ARM.Collect$$$$0000000F)
    .ARM.Collect$$$$00000011                 0x08000168   Section        0  entry11a.o(.ARM.Collect$$$$00000011)
    .ARM.Collect$$$$00002712                 0x08000168   Section        4  entry2.o(.ARM.Collect$$$$00002712)
    __lit__00000000                          0x08000168   Data           4  entry2.o(.ARM.Collect$$$$00002712)
    .text                                    0x0800016c   Section        0  stm32f10x_adc.o(.text)
    .text                                    0x0800049c   Section        0  stm32f10x_can.o(.text)
    CheckITStatus                            0x08000ba7   Thumb Code    12  stm32f10x_can.o(.text)
    .text                                    0x08000bbc   Section        0  stm32f10x_dma.o(.text)
    .text                                    0x08000d84   Section        0  stm32f10x_gpio.o(.text)
    .text                                    0x08000ff0   Section        0  stm32f10x_iwdg.o(.text)
    .text                                    0x0800102c   Section        0  stm32f10x_rcc.o(.text)
    .text                                    0x08001388   Section        0  stm32f10x_flash.o(.text)
    .text                                    0x08001804   Section        0  misc.o(.text)
    .text                                    0x080018b4   Section       36  startup_stm32f10x_cl.o(.text)
    .text                                    0x080018d8   Section        0  system_stm32f10x.o(.text)
    SetSysClockTo72                          0x080018d9   Thumb Code   160  system_stm32f10x.o(.text)
    .text                                    0x080019b8   Section        0  stm32f10x_pwr.o(.text)
    .text                                    0x08001a64   Section        0  stm32f10x_exti.o(.text)
    .text                                    0x08001b4c   Section        0  stm32f10x_usart.o(.text)
    .text                                    0x08001e74   Section        0  main.o(.text)
    __sti___8_main_cpp_cIO                   0x08001fa5   Thumb Code     8  main.o(.text)
    __NVIC_SystemReset()                     0x08001fad   Thumb Code    26  main.o(.text)
    .text                                    0x08002008   Section        0  main_cls_didoaiao.o(.text)
    .text                                    0x0800270c   Section        0  bsp_usart.o(.text)
    .text                                    0x080028f0   Section        0  app.o(.text)
    .text                                    0x08002fd0   Section        0  app_usart.o(.text)
    .text                                    0x080030ec   Section        0  memcpya.o(.text)
    .text                                    0x08003110   Section        0  cpp_init.o(.text)
    .text                                    0x08003130   Section        0  uldiv.o(.text)
    .text                                    0x08003194   Section       36  init.o(.text)
    .text                                    0x080031b8   Section        0  llshl.o(.text)
    .text                                    0x080031d6   Section        0  llushr.o(.text)
    i.PVD_IRQHandler                         0x080031f8   Section        0  yxf105gy_cls_canweb2.o(i.PVD_IRQHandler)
    i.SysTick_Handler                        0x08003244   Section        0  yxf105gy_cls_canweb2.o(i.SysTick_Handler)
    i._Z11DifTime0Subj                       0x08003254   Section        0  yxf105gy_cls_canweb2.o(i._Z11DifTime0Subj)
    i._Z12zcTimer_Initv                      0x0800326c   Section        0  yxf105gy_cls_canweb2.o(i._Z12zcTimer_Initv)
    i._Z15IAP_buf_ReadFunhPvt                0x080032ac   Section        0  yxf105gy_cls_canweb2.o(i._Z15IAP_buf_ReadFunhPvt)
    i._Z16IAP_buf_EraseFunh                  0x08003304   Section        0  yxf105gy_cls_canweb2.o(i._Z16IAP_buf_EraseFunh)
    i._Z16IAP_buf_WriteFunhPvt               0x08003320   Section        0  yxf105gy_cls_canweb2.o(i._Z16IAP_buf_WriteFunhPvt)
    i._Z18IAP_buf_FLASH_Lockv                0x08003380   Section        0  yxf105gy_cls_canweb2.o(i._Z18IAP_buf_FLASH_Lockv)
    i._Z18YXCAN1_EXT_Ini_BRtt                0x08003384   Section        0  yxf105gy_cls_canweb2.o(i._Z18YXCAN1_EXT_Ini_BRtt)
    i._Z18YXCAN1_EXT_Ini_Mskhjh              0x080034a0   Section        0  yxf105gy_cls_canweb2.o(i._Z18YXCAN1_EXT_Ini_Mskhjh)
    i._Z18YXCAN2_EXT_Ini_BRtt                0x08003504   Section        0  yxf105gy_cls_canweb2.o(i._Z18YXCAN2_EXT_Ini_BRtt)
    i._Z18YXCAN2_EXT_Ini_Mskhjh              0x08003614   Section        0  yxf105gy_cls_canweb2.o(i._Z18YXCAN2_EXT_Ini_Mskhjh)
    i._Z18YXCANx_EXT_SendMsghP9S_CAN_Msg     0x08003678   Section        0  yxf105gy_cls_canweb2.o(i._Z18YXCANx_EXT_SendMsghP9S_CAN_Msg)
    i._Z21YXCANx_EXT_ReceiveMsghP9S_CAN_Msgh 0x080036d0   Section        0  yxf105gy_cls_canweb2.o(i._Z21YXCANx_EXT_ReceiveMsghP9S_CAN_Msgh)
    i._Z8WDT_Feedv                           0x08003738   Section        0  yxf105gy_cls_canweb2.o(i._Z8WDT_Feedv)
    i._Z8WDT_Initt                           0x0800373c   Section        0  yxf105gy_cls_canweb2.o(i._Z8WDT_Initt)
    i._Z8YX_Delayt                           0x08003766   Section        0  yxf105gy_cls_canweb2.o(i._Z8YX_Delayt)
    i._ZN11C_CmAIAO_Bf9GetDOFmAOEt           0x08003774   Section        0  yxf105gy_cls_canweb2.o(i._ZN11C_CmAIAO_Bf9GetDOFmAOEt)
    i._ZN11C_CmAIAO_Bf9RstDIToAIEt           0x080037a0   Section        0  yxf105gy_cls_canweb2.o(i._ZN11C_CmAIAO_Bf9RstDIToAIEt)
    i._ZN11C_CmAIAO_Bf9SetDIToAIEt           0x080037d0   Section        0  yxf105gy_cls_canweb2.o(i._ZN11C_CmAIAO_Bf9SetDIToAIEt)
    i._ZN7C_Timer5ResetEv                    0x08003800   Section        0  yxf105gy_cls_canweb2.o(i._ZN7C_Timer5ResetEv)
    i._ZN7C_Timer7InitialEv                  0x08003810   Section        0  yxf105gy_cls_canweb2.o(i._ZN7C_Timer7InitialEv)
    i._ZN7C_Timer9PastX10uSEv                0x08003820   Section        0  yxf105gy_cls_canweb2.o(i._ZN7C_Timer9PastX10uSEv)
    i._ZN7C_TimerC1Ev                        0x08003828   Section        0  yxf105gy_cls_canweb2.o(i._ZN7C_TimerC1Ev)
    i._ZN8C_CANWeb15SIO_TemperatureEs        0x08003834   Section        0  yxf105gy_cls_canweb2.o(i._ZN8C_CANWeb15SIO_TemperatureEs)
    i._ZN8C_CANWeb17SndCANMsg_In_FIFOEv      0x08003858   Section        0  yxf105gy_cls_canweb2.o(i._ZN8C_CANWeb17SndCANMsg_In_FIFOEv)
    i._ZN8C_CANWeb18Scan_for_SndCANMsgEv     0x08003a90   Section        0  yxf105gy_cls_canweb2.o(i._ZN8C_CANWeb18Scan_for_SndCANMsgEv)
    i._ZN8C_CANWeb7InitialEv                 0x08003d90   Section        0  yxf105gy_cls_canweb2.o(i._ZN8C_CANWeb7InitialEv)
    i._ZN8C_CANWeb9RcvCANMsgEhh              0x080041c4   Section        0  yxf105gy_cls_canweb2.o(i._ZN8C_CANWeb9RcvCANMsgEhh)
    i._ZN8C_CANWeb9SIO_AISetEts              0x0800444c   Section        0  yxf105gy_cls_canweb2.o(i._ZN8C_CANWeb9SIO_AISetEts)
    i._ZN8C_CANWeb9SIO_AOValEt               0x08004470   Section        0  yxf105gy_cls_canweb2.o(i._ZN8C_CANWeb9SIO_AOValEt)
    i._ZN8C_CANWeb9SIO_DIRstEt               0x08004494   Section        0  yxf105gy_cls_canweb2.o(i._ZN8C_CANWeb9SIO_DIRstEt)
    i._ZN8C_CANWeb9SIO_DISetEt               0x080044c0   Section        0  yxf105gy_cls_canweb2.o(i._ZN8C_CANWeb9SIO_DISetEt)
    i._ZN8C_CANWeb9SIO_DOValEt               0x080044ec   Section        0  yxf105gy_cls_canweb2.o(i._ZN8C_CANWeb9SIO_DOValEt)
    i._ZN9C_CfgSWDI13Scan_for100uSEv         0x08004514   Section        0  yxf105gy_cls_canweb2.o(i._ZN9C_CfgSWDI13Scan_for100uSEv)
    i._ZN9C_CfgSWDI7InitialEv                0x08004554   Section        0  yxf105gy_cls_canweb2.o(i._ZN9C_CfgSWDI7InitialEv)
    i.__0printf$5                            0x08004594   Section        0  printf5.o(i.__0printf$5)
    i.__scatterload_copy                     0x080045b4   Section       14  handlers.o(i.__scatterload_copy)
    i.__scatterload_null                     0x080045c2   Section        2  handlers.o(i.__scatterload_null)
    i.__scatterload_zeroinit                 0x080045c4   Section       14  handlers.o(i.__scatterload_zeroinit)
    i.__sti___24_YXF105GY_CLS_CANWeb2_cpp    0x080045d4   Section        0  yxf105gy_cls_canweb2.o(i.__sti___24_YXF105GY_CLS_CANWeb2_cpp)
    __sti___24_YXF105GY_CLS_CANWeb2_cpp      0x080045d5   Thumb Code    12  yxf105gy_cls_canweb2.o(i.__sti___24_YXF105GY_CLS_CANWeb2_cpp)
    i._printf_core                           0x080045e4   Section        0  printf5.o(i._printf_core)
    _printf_core                             0x080045e5   Thumb Code   660  printf5.o(i._printf_core)
    .constdata                               0x080048a4   Section        4  system_stm32f10x.o(.constdata)
    .constdata                               0x080048a8   Section       48  app.o(.constdata)
    .conststring                             0x080048d8   Section      101  mapping.o(.conststring)
    .init_array                              0x08004960   Section        4  main.o(.init_array)
    .init_array                              0x08004964   Section        4  yxf105gy_cls_canweb2.o(.init_array)
    .init_array                              0x08004968   Section        0  cpp_init.o(.init_array)
    .data                                    0x20000000   Section       20  stm32f10x_rcc.o(.data)
    ADCPrescTable                            0x20000000   Data           4  stm32f10x_rcc.o(.data)
    APBAHBPrescTable                         0x20000004   Data          16  stm32f10x_rcc.o(.data)
    .data                                    0x20000014   Section        1  main.o(.data)
    .data                                    0x20000015   Section        1  main_cls_didoaiao.o(.data)
    .data                                    0x20000018   Section      128  mapping.o(.data)
    .data                                    0x20000098   Section       64  mapping.o(.data)
    .data                                    0x200000d8   Section       14  mapping.o(.data)
    .data                                    0x200000e6   Section        6  bsp_usart.o(.data)
    rec_state                                0x200000e8   Data           1  bsp_usart.o(.data)
    .data                                    0x200000ec   Section        4  app.o(.data)
    .data                                    0x200000f0   Section       34  yxf105gy_cls_canweb2.o(.data)
    .data                                    0x20000112   Section        1  yxf105gy_cls_canweb2.o(.data)
    .data                                    0x20000114   Section        4  stdout.o(.data)
    .bss                                     0x20000118   Section       72  main.o(.bss)
    .bss                                     0x20000160   Section       72  main_cls_didoaiao.o(.bss)
    .bss                                     0x200001a8   Section     1088  yxf105gy_cls_canweb2.o(.bss)
    .bss                                     0x200005e8   Section      928  yxf105gy_cls_canweb2.o(.bss)
    STACK                                    0x20000988   Section     1024  startup_stm32f10x_cl.o(STACK)

    Global Symbols

    Symbol Name                              Value     Ov Type        Size  Object(Section)

    BuildAttributes$$THM_ISAv4$P$D$K$B$S$PE$A:L22UL41UL21$X:L11$S22US41US21$IEEE1$IW$USESV6$~STKCKD$USESV7$~SHL$OSPACE$ROPI$EBA8$MICROLIB$REQ8$PRES8$EABIv2 0x00000000   Number         0  anon$$obj.o ABSOLUTE
    __ARM_use_no_argv                        0x00000000   Number         0  main.o ABSOLUTE
    _printf_a                                0x00000000   Number         0  stubs.o ABSOLUTE
    _printf_c                                0x00000000   Number         0  stubs.o ABSOLUTE
    _printf_charcount                        0x00000000   Number         0  stubs.o ABSOLUTE
    _printf_d                                0x00000000   Number         0  stubs.o ABSOLUTE
    _printf_e                                0x00000000   Number         0  stubs.o ABSOLUTE
    _printf_f                                0x00000000   Number         0  stubs.o ABSOLUTE
    _printf_flags                            0x00000000   Number         0  stubs.o ABSOLUTE
    _printf_fp_dec                           0x00000000   Number         0  stubs.o ABSOLUTE
    _printf_fp_hex                           0x00000000   Number         0  stubs.o ABSOLUTE
    _printf_g                                0x00000000   Number         0  stubs.o ABSOLUTE
    _printf_i                                0x00000000   Number         0  stubs.o ABSOLUTE
    _printf_int_dec                          0x00000000   Number         0  stubs.o ABSOLUTE
    _printf_l                                0x00000000   Number         0  stubs.o ABSOLUTE
    _printf_lc                               0x00000000   Number         0  stubs.o ABSOLUTE
    _printf_ll                               0x00000000   Number         0  stubs.o ABSOLUTE
    _printf_lld                              0x00000000   Number         0  stubs.o ABSOLUTE
    _printf_lli                              0x00000000   Number         0  stubs.o ABSOLUTE
    _printf_llo                              0x00000000   Number         0  stubs.o ABSOLUTE
    _printf_llu                              0x00000000   Number         0  stubs.o ABSOLUTE
    _printf_llx                              0x00000000   Number         0  stubs.o ABSOLUTE
    _printf_longlong_dec                     0x00000000   Number         0  stubs.o ABSOLUTE
    _printf_longlong_hex                     0x00000000   Number         0  stubs.o ABSOLUTE
    _printf_longlong_oct                     0x00000000   Number         0  stubs.o ABSOLUTE
    _printf_ls                               0x00000000   Number         0  stubs.o ABSOLUTE
    _printf_mbtowc                           0x00000000   Number         0  stubs.o ABSOLUTE
    _printf_n                                0x00000000   Number         0  stubs.o ABSOLUTE
    _printf_o                                0x00000000   Number         0  stubs.o ABSOLUTE
    _printf_p                                0x00000000   Number         0  stubs.o ABSOLUTE
    _printf_percent                          0x00000000   Number         0  stubs.o ABSOLUTE
    _printf_pre_padding                      0x00000000   Number         0  stubs.o ABSOLUTE
    _printf_return_value                     0x00000000   Number         0  stubs.o ABSOLUTE
    _printf_s                                0x00000000   Number         0  stubs.o ABSOLUTE
    _printf_sizespec                         0x00000000   Number         0  stubs.o ABSOLUTE
    _printf_str                              0x00000000   Number         0  stubs.o ABSOLUTE
    _printf_truncate_signed                  0x00000000   Number         0  stubs.o ABSOLUTE
    _printf_truncate_unsigned                0x00000000   Number         0  stubs.o ABSOLUTE
    _printf_u                                0x00000000   Number         0  stubs.o ABSOLUTE
    _printf_wc                               0x00000000   Number         0  stubs.o ABSOLUTE
    _printf_wctomb                           0x00000000   Number         0  stubs.o ABSOLUTE
    _printf_widthprec                        0x00000000   Number         0  stubs.o ABSOLUTE
    _printf_x                                0x00000000   Number         0  stubs.o ABSOLUTE
    __arm_fini_                               - Undefined Weak Reference
    __cxa_finalize                            - Undefined Weak Reference
    __decompress                              - Undefined Weak Reference
    _clock_init                               - Undefined Weak Reference
    _microlib_exit                            - Undefined Weak Reference
    __Vectors_Size                           0x00000150   Number         0  startup_stm32f10x_cl.o ABSOLUTE
    __Vectors                                0x08000000   Data           4  startup_stm32f10x_cl.o(RESET)
    __Vectors_End                            0x08000150   Data           0  startup_stm32f10x_cl.o(RESET)
    __main                                   0x08000151   Thumb Code     0  entry.o(.ARM.Collect$$$$00000000)
    _main_stk                                0x08000151   Thumb Code     0  entry2.o(.ARM.Collect$$$$00000001)
    _main_scatterload                        0x08000155   Thumb Code     0  entry5.o(.ARM.Collect$$$$00000004)
    __main_after_scatterload                 0x08000159   Thumb Code     0  entry5.o(.ARM.Collect$$$$00000004)
    _main_clock                              0x08000159   Thumb Code     0  entry7b.o(.ARM.Collect$$$$00000008)
    _main_cpp_init$empty                     0x08000159   Thumb Code     0  entry8a.o(.ARM.Collect$$$$00000009)
    _main_cpp_init                           0x0800015d   Thumb Code     0  entry8b.o(.ARM.Collect$$$$0000000A)
    _main_init                               0x0800015d   Thumb Code     0  entry9a.o(.ARM.Collect$$$$0000000B)
    __rt_lib_shutdown_fini                   0x08000165   Thumb Code     0  entry12b.o(.ARM.Collect$$$$0000000E)
    __rt_final_cpp                           0x08000169   Thumb Code     0  entry10a.o(.ARM.Collect$$$$0000000F)
    __rt_final_exit                          0x08000169   Thumb Code     0  entry11a.o(.ARM.Collect$$$$00000011)
    ADC_DeInit                               0x0800016d   Thumb Code    56  stm32f10x_adc.o(.text)
    ADC_Init                                 0x080001a5   Thumb Code    62  stm32f10x_adc.o(.text)
    ADC_StructInit                           0x080001e3   Thumb Code    18  stm32f10x_adc.o(.text)
    ADC_Cmd                                  0x080001f5   Thumb Code    20  stm32f10x_adc.o(.text)
    ADC_DMACmd                               0x08000209   Thumb Code    20  stm32f10x_adc.o(.text)
    ADC_ITConfig                             0x0800021d   Thumb Code    18  stm32f10x_adc.o(.text)
    ADC_ResetCalibration                     0x0800022f   Thumb Code    10  stm32f10x_adc.o(.text)
    ADC_GetResetCalibrationStatus            0x08000239   Thumb Code    14  stm32f10x_adc.o(.text)
    ADC_StartCalibration                     0x08000247   Thumb Code    10  stm32f10x_adc.o(.text)
    ADC_GetCalibrationStatus                 0x08000251   Thumb Code    14  stm32f10x_adc.o(.text)
    ADC_SoftwareStartConvCmd                 0x0800025f   Thumb Code    20  stm32f10x_adc.o(.text)
    ADC_GetSoftwareStartConvStatus           0x08000273   Thumb Code    14  stm32f10x_adc.o(.text)
    ADC_DiscModeChannelCountConfig           0x08000281   Thumb Code    16  stm32f10x_adc.o(.text)
    ADC_DiscModeCmd                          0x08000291   Thumb Code    20  stm32f10x_adc.o(.text)
    ADC_RegularChannelConfig                 0x080002a5   Thumb Code   116  stm32f10x_adc.o(.text)
    ADC_ExternalTrigConvCmd                  0x08000319   Thumb Code    20  stm32f10x_adc.o(.text)
    ADC_GetConversionValue                   0x0800032d   Thumb Code     6  stm32f10x_adc.o(.text)
    ADC_GetDualModeConversionValue           0x08000333   Thumb Code     8  stm32f10x_adc.o(.text)
    ADC_AutoInjectedConvCmd                  0x0800033b   Thumb Code    20  stm32f10x_adc.o(.text)
    ADC_InjectedDiscModeCmd                  0x0800034f   Thumb Code    20  stm32f10x_adc.o(.text)
    ADC_ExternalTrigInjectedConvConfig       0x08000363   Thumb Code    12  stm32f10x_adc.o(.text)
    ADC_ExternalTrigInjectedConvCmd          0x0800036f   Thumb Code    20  stm32f10x_adc.o(.text)
    ADC_SoftwareStartInjectedConvCmd         0x08000383   Thumb Code    20  stm32f10x_adc.o(.text)
    ADC_GetSoftwareStartInjectedConvCmdStatus 0x08000397   Thumb Code    14  stm32f10x_adc.o(.text)
    ADC_InjectedChannelConfig                0x080003a5   Thumb Code    74  stm32f10x_adc.o(.text)
    ADC_InjectedSequencerLengthConfig        0x080003ef   Thumb Code    16  stm32f10x_adc.o(.text)
    ADC_SetInjectedOffset                    0x080003ff   Thumb Code    10  stm32f10x_adc.o(.text)
    ADC_GetInjectedConversionValue           0x08000409   Thumb Code    14  stm32f10x_adc.o(.text)
    ADC_AnalogWatchdogCmd                    0x08000417   Thumb Code    12  stm32f10x_adc.o(.text)
    ADC_AnalogWatchdogThresholdsConfig       0x08000423   Thumb Code     6  stm32f10x_adc.o(.text)
    ADC_AnalogWatchdogSingleChannelConfig    0x08000429   Thumb Code    12  stm32f10x_adc.o(.text)
    ADC_TempSensorVrefintCmd                 0x08000435   Thumb Code    24  stm32f10x_adc.o(.text)
    ADC_GetFlagStatus                        0x0800044d   Thumb Code    14  stm32f10x_adc.o(.text)
    ADC_ClearFlag                            0x0800045b   Thumb Code     6  stm32f10x_adc.o(.text)
    ADC_GetITStatus                          0x08000461   Thumb Code    28  stm32f10x_adc.o(.text)
    ADC_ClearITPendingBit                    0x0800047d   Thumb Code     8  stm32f10x_adc.o(.text)
    CAN_DeInit                               0x0800049d   Thumb Code    38  stm32f10x_can.o(.text)
    CAN_Init                                 0x080004c3   Thumb Code   232  stm32f10x_can.o(.text)
    CAN_FilterInit                           0x080005ab   Thumb Code   194  stm32f10x_can.o(.text)
    CAN_StructInit                           0x0800066d   Thumb Code    32  stm32f10x_can.o(.text)
    CAN_SlaveStartBank                       0x0800068d   Thumb Code    38  stm32f10x_can.o(.text)
    CAN_DBGFreeze                            0x080006b3   Thumb Code    20  stm32f10x_can.o(.text)
    CAN_TTComModeCmd                         0x080006c7   Thumb Code    90  stm32f10x_can.o(.text)
    CAN_Transmit                             0x08000721   Thumb Code   190  stm32f10x_can.o(.text)
    CAN_TransmitStatus                       0x080007df   Thumb Code    88  stm32f10x_can.o(.text)
    CAN_CancelTransmit                       0x08000837   Thumb Code    36  stm32f10x_can.o(.text)
    CAN_Receive                              0x0800085b   Thumb Code   176  stm32f10x_can.o(.text)
    CAN_FIFORelease                          0x0800090b   Thumb Code    22  stm32f10x_can.o(.text)
    CAN_MessagePending                       0x08000921   Thumb Code    22  stm32f10x_can.o(.text)
    CAN_OperatingModeRequest                 0x08000937   Thumb Code   140  stm32f10x_can.o(.text)
    CAN_Sleep                                0x080009c3   Thumb Code    30  stm32f10x_can.o(.text)
    CAN_WakeUp                               0x080009e1   Thumb Code    40  stm32f10x_can.o(.text)
    CAN_GetLastErrorCode                     0x08000a09   Thumb Code    10  stm32f10x_can.o(.text)
    CAN_GetReceiveErrorCounter               0x08000a13   Thumb Code     6  stm32f10x_can.o(.text)
    CAN_GetLSBTransmitErrorCounter           0x08000a19   Thumb Code     8  stm32f10x_can.o(.text)
    CAN_ITConfig                             0x08000a21   Thumb Code    16  stm32f10x_can.o(.text)
    CAN_GetFlagStatus                        0x08000a31   Thumb Code    52  stm32f10x_can.o(.text)
    CAN_ClearFlag                            0x08000a65   Thumb Code    44  stm32f10x_can.o(.text)
    CAN_GetITStatus                          0x08000a91   Thumb Code   162  stm32f10x_can.o(.text)
    CAN_ClearITPendingBit                    0x08000b33   Thumb Code   116  stm32f10x_can.o(.text)
    DMA_DeInit                               0x08000bbd   Thumb Code   218  stm32f10x_dma.o(.text)
    DMA_Init                                 0x08000c97   Thumb Code    58  stm32f10x_dma.o(.text)
    DMA_StructInit                           0x08000cd1   Thumb Code    26  stm32f10x_dma.o(.text)
    DMA_Cmd                                  0x08000ceb   Thumb Code    22  stm32f10x_dma.o(.text)
    DMA_ITConfig                             0x08000d01   Thumb Code    16  stm32f10x_dma.o(.text)
    DMA_SetCurrDataCounter                   0x08000d11   Thumb Code     4  stm32f10x_dma.o(.text)
    DMA_GetCurrDataCounter                   0x08000d15   Thumb Code     6  stm32f10x_dma.o(.text)
    DMA_GetFlagStatus                        0x08000d1b   Thumb Code    28  stm32f10x_dma.o(.text)
    DMA_ClearFlag                            0x08000d37   Thumb Code    20  stm32f10x_dma.o(.text)
    DMA_GetITStatus                          0x08000d4b   Thumb Code    28  stm32f10x_dma.o(.text)
    DMA_ClearITPendingBit                    0x08000d67   Thumb Code    20  stm32f10x_dma.o(.text)
    GPIO_DeInit                              0x08000d85   Thumb Code   152  stm32f10x_gpio.o(.text)
    GPIO_AFIODeInit                          0x08000e1d   Thumb Code    22  stm32f10x_gpio.o(.text)
    GPIO_Init                                0x08000e33   Thumb Code   164  stm32f10x_gpio.o(.text)
    GPIO_StructInit                          0x08000ed7   Thumb Code    16  stm32f10x_gpio.o(.text)
    GPIO_ReadInputDataBit                    0x08000ee7   Thumb Code    14  stm32f10x_gpio.o(.text)
    GPIO_ReadInputData                       0x08000ef5   Thumb Code     6  stm32f10x_gpio.o(.text)
    GPIO_ReadOutputDataBit                   0x08000efb   Thumb Code    14  stm32f10x_gpio.o(.text)
    GPIO_ReadOutputData                      0x08000f09   Thumb Code     6  stm32f10x_gpio.o(.text)
    GPIO_SetBits                             0x08000f0f   Thumb Code     4  stm32f10x_gpio.o(.text)
    GPIO_ResetBits                           0x08000f13   Thumb Code     4  stm32f10x_gpio.o(.text)
    GPIO_WriteBit                            0x08000f17   Thumb Code    10  stm32f10x_gpio.o(.text)
    GPIO_Write                               0x08000f21   Thumb Code     4  stm32f10x_gpio.o(.text)
    GPIO_PinLockConfig                       0x08000f25   Thumb Code    16  stm32f10x_gpio.o(.text)
    GPIO_EventOutputConfig                   0x08000f35   Thumb Code    22  stm32f10x_gpio.o(.text)
    GPIO_EventOutputCmd                      0x08000f4b   Thumb Code     6  stm32f10x_gpio.o(.text)
    GPIO_PinRemapConfig                      0x08000f51   Thumb Code    82  stm32f10x_gpio.o(.text)
    GPIO_EXTILineConfig                      0x08000fa3   Thumb Code    34  stm32f10x_gpio.o(.text)
    GPIO_ETH_MediaInterfaceConfig            0x08000fc5   Thumb Code     8  stm32f10x_gpio.o(.text)
    IWDG_WriteAccessCmd                      0x08000ff1   Thumb Code     6  stm32f10x_iwdg.o(.text)
    IWDG_SetPrescaler                        0x08000ff7   Thumb Code     6  stm32f10x_iwdg.o(.text)
    IWDG_SetReload                           0x08000ffd   Thumb Code     6  stm32f10x_iwdg.o(.text)
    IWDG_ReloadCounter                       0x08001003   Thumb Code    10  stm32f10x_iwdg.o(.text)
    IWDG_Enable                              0x0800100d   Thumb Code    10  stm32f10x_iwdg.o(.text)
    IWDG_GetFlagStatus                       0x08001017   Thumb Code    16  stm32f10x_iwdg.o(.text)
    RCC_DeInit                               0x0800102d   Thumb Code    62  stm32f10x_rcc.o(.text)
    RCC_HSEConfig                            0x0800106b   Thumb Code    48  stm32f10x_rcc.o(.text)
    RCC_GetFlagStatus                        0x0800109b   Thumb Code    42  stm32f10x_rcc.o(.text)
    RCC_WaitForHSEStartUp                    0x080010c5   Thumb Code    44  stm32f10x_rcc.o(.text)
    RCC_AdjustHSICalibrationValue            0x080010f1   Thumb Code    16  stm32f10x_rcc.o(.text)
    RCC_HSICmd                               0x08001101   Thumb Code     6  stm32f10x_rcc.o(.text)
    RCC_PLLConfig                            0x08001107   Thumb Code    16  stm32f10x_rcc.o(.text)
    RCC_PLLCmd                               0x08001117   Thumb Code     6  stm32f10x_rcc.o(.text)
    RCC_PREDIV1Config                        0x0800111d   Thumb Code    18  stm32f10x_rcc.o(.text)
    RCC_PREDIV2Config                        0x0800112f   Thumb Code    14  stm32f10x_rcc.o(.text)
    RCC_PLL2Config                           0x0800113d   Thumb Code    14  stm32f10x_rcc.o(.text)
    RCC_PLL2Cmd                              0x0800114b   Thumb Code     6  stm32f10x_rcc.o(.text)
    RCC_PLL3Config                           0x08001151   Thumb Code    14  stm32f10x_rcc.o(.text)
    RCC_PLL3Cmd                              0x0800115f   Thumb Code     6  stm32f10x_rcc.o(.text)
    RCC_SYSCLKConfig                         0x08001165   Thumb Code    14  stm32f10x_rcc.o(.text)
    RCC_GetSYSCLKSource                      0x08001173   Thumb Code    10  stm32f10x_rcc.o(.text)
    RCC_HCLKConfig                           0x0800117d   Thumb Code    14  stm32f10x_rcc.o(.text)
    RCC_PCLK1Config                          0x0800118b   Thumb Code    14  stm32f10x_rcc.o(.text)
    RCC_PCLK2Config                          0x08001199   Thumb Code    16  stm32f10x_rcc.o(.text)
    RCC_ITConfig                             0x080011a9   Thumb Code    18  stm32f10x_rcc.o(.text)
    RCC_OTGFSCLKConfig                       0x080011bb   Thumb Code     8  stm32f10x_rcc.o(.text)
    RCC_ADCCLKConfig                         0x080011c3   Thumb Code    14  stm32f10x_rcc.o(.text)
    RCC_I2S2CLKConfig                        0x080011d1   Thumb Code     6  stm32f10x_rcc.o(.text)
    RCC_I2S3CLKConfig                        0x080011d7   Thumb Code     8  stm32f10x_rcc.o(.text)
    RCC_LSEConfig                            0x080011df   Thumb Code    28  stm32f10x_rcc.o(.text)
    RCC_LSICmd                               0x080011fb   Thumb Code     6  stm32f10x_rcc.o(.text)
    RCC_RTCCLKConfig                         0x08001201   Thumb Code    10  stm32f10x_rcc.o(.text)
    RCC_RTCCLKCmd                            0x0800120b   Thumb Code     8  stm32f10x_rcc.o(.text)
    RCC_GetClocksFreq                        0x08001213   Thumb Code   172  stm32f10x_rcc.o(.text)
    RCC_AHBPeriphClockCmd                    0x080012bf   Thumb Code    18  stm32f10x_rcc.o(.text)
    RCC_APB2PeriphClockCmd                   0x080012d1   Thumb Code    18  stm32f10x_rcc.o(.text)
    RCC_APB1PeriphClockCmd                   0x080012e3   Thumb Code    18  stm32f10x_rcc.o(.text)
    RCC_AHBPeriphResetCmd                    0x080012f5   Thumb Code    18  stm32f10x_rcc.o(.text)
    RCC_APB2PeriphResetCmd                   0x08001307   Thumb Code    18  stm32f10x_rcc.o(.text)
    RCC_APB1PeriphResetCmd                   0x08001319   Thumb Code    18  stm32f10x_rcc.o(.text)
    RCC_BackupResetCmd                       0x0800132b   Thumb Code     8  stm32f10x_rcc.o(.text)
    RCC_ClockSecuritySystemCmd               0x08001333   Thumb Code     6  stm32f10x_rcc.o(.text)
    RCC_MCOConfig                            0x08001339   Thumb Code     6  stm32f10x_rcc.o(.text)
    RCC_ClearFlag                            0x0800133f   Thumb Code    12  stm32f10x_rcc.o(.text)
    RCC_GetITStatus                          0x0800134b   Thumb Code    16  stm32f10x_rcc.o(.text)
    RCC_ClearITPendingBit                    0x0800135b   Thumb Code     6  stm32f10x_rcc.o(.text)
    FLASH_SetLatency                         0x08001389   Thumb Code    14  stm32f10x_flash.o(.text)
    FLASH_HalfCycleAccessCmd                 0x08001397   Thumb Code    18  stm32f10x_flash.o(.text)
    FLASH_PrefetchBufferCmd                  0x080013a9   Thumb Code    18  stm32f10x_flash.o(.text)
    FLASH_Unlock                             0x080013bb   Thumb Code    12  stm32f10x_flash.o(.text)
    FLASH_UnlockBank1                        0x080013c7   Thumb Code    12  stm32f10x_flash.o(.text)
    FLASH_Lock                               0x080013d3   Thumb Code    12  stm32f10x_flash.o(.text)
    FLASH_LockBank1                          0x080013df   Thumb Code    12  stm32f10x_flash.o(.text)
    FLASH_GetBank1Status                     0x080013eb   Thumb Code    34  stm32f10x_flash.o(.text)
    FLASH_WaitForLastOperation               0x0800140d   Thumb Code    36  stm32f10x_flash.o(.text)
    FLASH_ErasePage                          0x08001431   Thumb Code    56  stm32f10x_flash.o(.text)
    FLASH_EraseAllPages                      0x08001469   Thumb Code    52  stm32f10x_flash.o(.text)
    FLASH_WaitForLastBank1Operation          0x0800149d   Thumb Code    36  stm32f10x_flash.o(.text)
    FLASH_EraseAllBank1Pages                 0x080014c1   Thumb Code    52  stm32f10x_flash.o(.text)
    FLASH_GetReadOutProtectionStatus         0x080014f5   Thumb Code    14  stm32f10x_flash.o(.text)
    FLASH_EraseOptionBytes                   0x08001503   Thumb Code   108  stm32f10x_flash.o(.text)
    FLASH_ProgramWord                        0x0800156f   Thumb Code    72  stm32f10x_flash.o(.text)
    FLASH_ProgramHalfWord                    0x080015b7   Thumb Code    48  stm32f10x_flash.o(.text)
    FLASH_ProgramOptionByteData              0x080015e7   Thumb Code    62  stm32f10x_flash.o(.text)
    FLASH_EnableWriteProtection              0x08001625   Thumb Code   150  stm32f10x_flash.o(.text)
    FLASH_ReadOutProtection                  0x080016bb   Thumb Code   118  stm32f10x_flash.o(.text)
    FLASH_UserOptionByteConfig               0x08001731   Thumb Code    92  stm32f10x_flash.o(.text)
    FLASH_GetUserOptionByte                  0x0800178d   Thumb Code     8  stm32f10x_flash.o(.text)
    FLASH_GetWriteProtectionOptionByte       0x08001795   Thumb Code     6  stm32f10x_flash.o(.text)
    FLASH_GetPrefetchBufferStatus            0x0800179b   Thumb Code    14  stm32f10x_flash.o(.text)
    FLASH_ITConfig                           0x080017a9   Thumb Code    18  stm32f10x_flash.o(.text)
    FLASH_GetFlagStatus                      0x080017bb   Thumb Code    28  stm32f10x_flash.o(.text)
    FLASH_ClearFlag                          0x080017d7   Thumb Code     6  stm32f10x_flash.o(.text)
    FLASH_GetStatus                          0x080017dd   Thumb Code    34  stm32f10x_flash.o(.text)
    NVIC_PriorityGroupConfig                 0x08001805   Thumb Code    10  misc.o(.text)
    NVIC_Init                                0x0800180f   Thumb Code    94  misc.o(.text)
    NVIC_SetVectorTable                      0x0800186d   Thumb Code    14  misc.o(.text)
    NVIC_SystemLPConfig                      0x0800187b   Thumb Code    20  misc.o(.text)
    SysTick_CLKSourceConfig                  0x0800188f   Thumb Code    24  misc.o(.text)
    Reset_Handler                            0x080018b5   Thumb Code     8  startup_stm32f10x_cl.o(.text)
    NMI_Handler                              0x080018bd   Thumb Code     2  startup_stm32f10x_cl.o(.text)
    HardFault_Handler                        0x080018bf   Thumb Code     2  startup_stm32f10x_cl.o(.text)
    MemManage_Handler                        0x080018c1   Thumb Code     2  startup_stm32f10x_cl.o(.text)
    BusFault_Handler                         0x080018c3   Thumb Code     2  startup_stm32f10x_cl.o(.text)
    UsageFault_Handler                       0x080018c5   Thumb Code     2  startup_stm32f10x_cl.o(.text)
    SVC_Handler                              0x080018c7   Thumb Code     2  startup_stm32f10x_cl.o(.text)
    DebugMon_Handler                         0x080018c9   Thumb Code     2  startup_stm32f10x_cl.o(.text)
    PendSV_Handler                           0x080018cb   Thumb Code     2  startup_stm32f10x_cl.o(.text)
    ADC1_2_IRQHandler                        0x080018cf   Thumb Code     0  startup_stm32f10x_cl.o(.text)
    CAN1_RX1_IRQHandler                      0x080018cf   Thumb Code     0  startup_stm32f10x_cl.o(.text)
    CAN1_SCE_IRQHandler                      0x080018cf   Thumb Code     0  startup_stm32f10x_cl.o(.text)
    CAN1_TX_IRQHandler                       0x080018cf   Thumb Code     0  startup_stm32f10x_cl.o(.text)
    CAN2_RX0_IRQHandler                      0x080018cf   Thumb Code     0  startup_stm32f10x_cl.o(.text)
    CAN2_RX1_IRQHandler                      0x080018cf   Thumb Code     0  startup_stm32f10x_cl.o(.text)
    CAN2_SCE_IRQHandler                      0x080018cf   Thumb Code     0  startup_stm32f10x_cl.o(.text)
    CAN2_TX_IRQHandler                       0x080018cf   Thumb Code     0  startup_stm32f10x_cl.o(.text)
    DMA1_Channel1_IRQHandler                 0x080018cf   Thumb Code     0  startup_stm32f10x_cl.o(.text)
    DMA1_Channel2_IRQHandler                 0x080018cf   Thumb Code     0  startup_stm32f10x_cl.o(.text)
    DMA1_Channel3_IRQHandler                 0x080018cf   Thumb Code     0  startup_stm32f10x_cl.o(.text)
    DMA1_Channel4_IRQHandler                 0x080018cf   Thumb Code     0  startup_stm32f10x_cl.o(.text)
    DMA1_Channel5_IRQHandler                 0x080018cf   Thumb Code     0  startup_stm32f10x_cl.o(.text)
    DMA1_Channel6_IRQHandler                 0x080018cf   Thumb Code     0  startup_stm32f10x_cl.o(.text)
    DMA1_Channel7_IRQHandler                 0x080018cf   Thumb Code     0  startup_stm32f10x_cl.o(.text)
    DMA2_Channel1_IRQHandler                 0x080018cf   Thumb Code     0  startup_stm32f10x_cl.o(.text)
    DMA2_Channel2_IRQHandler                 0x080018cf   Thumb Code     0  startup_stm32f10x_cl.o(.text)
    DMA2_Channel3_IRQHandler                 0x080018cf   Thumb Code     0  startup_stm32f10x_cl.o(.text)
    DMA2_Channel4_IRQHandler                 0x080018cf   Thumb Code     0  startup_stm32f10x_cl.o(.text)
    DMA2_Channel5_IRQHandler                 0x080018cf   Thumb Code     0  startup_stm32f10x_cl.o(.text)
    ETH_IRQHandler                           0x080018cf   Thumb Code     0  startup_stm32f10x_cl.o(.text)
    ETH_WKUP_IRQHandler                      0x080018cf   Thumb Code     0  startup_stm32f10x_cl.o(.text)
    EXTI0_IRQHandler                         0x080018cf   Thumb Code     0  startup_stm32f10x_cl.o(.text)
    EXTI15_10_IRQHandler                     0x080018cf   Thumb Code     0  startup_stm32f10x_cl.o(.text)
    EXTI1_IRQHandler                         0x080018cf   Thumb Code     0  startup_stm32f10x_cl.o(.text)
    EXTI2_IRQHandler                         0x080018cf   Thumb Code     0  startup_stm32f10x_cl.o(.text)
    EXTI3_IRQHandler                         0x080018cf   Thumb Code     0  startup_stm32f10x_cl.o(.text)
    EXTI4_IRQHandler                         0x080018cf   Thumb Code     0  startup_stm32f10x_cl.o(.text)
    EXTI9_5_IRQHandler                       0x080018cf   Thumb Code     0  startup_stm32f10x_cl.o(.text)
    FLASH_IRQHandler                         0x080018cf   Thumb Code     0  startup_stm32f10x_cl.o(.text)
    I2C1_ER_IRQHandler                       0x080018cf   Thumb Code     0  startup_stm32f10x_cl.o(.text)
    I2C1_EV_IRQHandler                       0x080018cf   Thumb Code     0  startup_stm32f10x_cl.o(.text)
    I2C2_ER_IRQHandler                       0x080018cf   Thumb Code     0  startup_stm32f10x_cl.o(.text)
    I2C2_EV_IRQHandler                       0x080018cf   Thumb Code     0  startup_stm32f10x_cl.o(.text)
    OTG_FS_IRQHandler                        0x080018cf   Thumb Code     0  startup_stm32f10x_cl.o(.text)
    OTG_FS_WKUP_IRQHandler                   0x080018cf   Thumb Code     0  startup_stm32f10x_cl.o(.text)
    RCC_IRQHandler                           0x080018cf   Thumb Code     0  startup_stm32f10x_cl.o(.text)
    RTCAlarm_IRQHandler                      0x080018cf   Thumb Code     0  startup_stm32f10x_cl.o(.text)
    RTC_IRQHandler                           0x080018cf   Thumb Code     0  startup_stm32f10x_cl.o(.text)
    SPI1_IRQHandler                          0x080018cf   Thumb Code     0  startup_stm32f10x_cl.o(.text)
    SPI2_IRQHandler                          0x080018cf   Thumb Code     0  startup_stm32f10x_cl.o(.text)
    SPI3_IRQHandler                          0x080018cf   Thumb Code     0  startup_stm32f10x_cl.o(.text)
    TAMPER_IRQHandler                        0x080018cf   Thumb Code     0  startup_stm32f10x_cl.o(.text)
    TIM1_BRK_IRQHandler                      0x080018cf   Thumb Code     0  startup_stm32f10x_cl.o(.text)
    TIM1_CC_IRQHandler                       0x080018cf   Thumb Code     0  startup_stm32f10x_cl.o(.text)
    TIM1_TRG_COM_IRQHandler                  0x080018cf   Thumb Code     0  startup_stm32f10x_cl.o(.text)
    TIM1_UP_IRQHandler                       0x080018cf   Thumb Code     0  startup_stm32f10x_cl.o(.text)
    TIM2_IRQHandler                          0x080018cf   Thumb Code     0  startup_stm32f10x_cl.o(.text)
    TIM3_IRQHandler                          0x080018cf   Thumb Code     0  startup_stm32f10x_cl.o(.text)
    TIM4_IRQHandler                          0x080018cf   Thumb Code     0  startup_stm32f10x_cl.o(.text)
    TIM5_IRQHandler                          0x080018cf   Thumb Code     0  startup_stm32f10x_cl.o(.text)
    TIM6_IRQHandler                          0x080018cf   Thumb Code     0  startup_stm32f10x_cl.o(.text)
    TIM7_IRQHandler                          0x080018cf   Thumb Code     0  startup_stm32f10x_cl.o(.text)
    UART4_IRQHandler                         0x080018cf   Thumb Code     0  startup_stm32f10x_cl.o(.text)
    UART5_IRQHandler                         0x080018cf   Thumb Code     0  startup_stm32f10x_cl.o(.text)
    USART1_IRQHandler                        0x080018cf   Thumb Code     0  startup_stm32f10x_cl.o(.text)
    USART2_IRQHandler                        0x080018cf   Thumb Code     0  startup_stm32f10x_cl.o(.text)
    WWDG_IRQHandler                          0x080018cf   Thumb Code     0  startup_stm32f10x_cl.o(.text)
    SystemInit                               0x08001979   Thumb Code    48  system_stm32f10x.o(.text)
    PWR_DeInit                               0x080019b9   Thumb Code    24  stm32f10x_pwr.o(.text)
    PWR_BackupAccessCmd                      0x080019d1   Thumb Code     6  stm32f10x_pwr.o(.text)
    PWR_PVDCmd                               0x080019d7   Thumb Code     6  stm32f10x_pwr.o(.text)
    PWR_PVDLevelConfig                       0x080019dd   Thumb Code    14  stm32f10x_pwr.o(.text)
    PWR_WakeUpPinCmd                         0x080019eb   Thumb Code     8  stm32f10x_pwr.o(.text)
    PWR_EnterSTOPMode                        0x080019f3   Thumb Code    42  stm32f10x_pwr.o(.text)
    PWR_EnterSTANDBYMode                     0x08001a1d   Thumb Code    32  stm32f10x_pwr.o(.text)
    PWR_GetFlagStatus                        0x08001a3d   Thumb Code    16  stm32f10x_pwr.o(.text)
    PWR_ClearFlag                            0x08001a4d   Thumb Code    12  stm32f10x_pwr.o(.text)
    EXTI_DeInit                              0x08001a65   Thumb Code    28  stm32f10x_exti.o(.text)
    EXTI_Init                                0x08001a81   Thumb Code   108  stm32f10x_exti.o(.text)
    EXTI_StructInit                          0x08001aed   Thumb Code    14  stm32f10x_exti.o(.text)
    EXTI_GenerateSWInterrupt                 0x08001afb   Thumb Code    12  stm32f10x_exti.o(.text)
    EXTI_GetFlagStatus                       0x08001b07   Thumb Code    18  stm32f10x_exti.o(.text)
    EXTI_ClearFlag                           0x08001b19   Thumb Code     8  stm32f10x_exti.o(.text)
    EXTI_GetITStatus                         0x08001b21   Thumb Code    28  stm32f10x_exti.o(.text)
    EXTI_ClearITPendingBit                   0x08001b3d   Thumb Code     8  stm32f10x_exti.o(.text)
    USART_DeInit                             0x08001b4d   Thumb Code    96  stm32f10x_usart.o(.text)
    USART_Init                               0x08001bad   Thumb Code   166  stm32f10x_usart.o(.text)
    USART_StructInit                         0x08001c53   Thumb Code    22  stm32f10x_usart.o(.text)
    USART_ClockInit                          0x08001c69   Thumb Code    30  stm32f10x_usart.o(.text)
    USART_ClockStructInit                    0x08001c87   Thumb Code    12  stm32f10x_usart.o(.text)
    USART_Cmd                                0x08001c93   Thumb Code    20  stm32f10x_usart.o(.text)
    USART_ITConfig                           0x08001ca7   Thumb Code    48  stm32f10x_usart.o(.text)
    USART_DMACmd                             0x08001cd7   Thumb Code    16  stm32f10x_usart.o(.text)
    USART_SetAddress                         0x08001ce7   Thumb Code    16  stm32f10x_usart.o(.text)
    USART_WakeUpConfig                       0x08001cf7   Thumb Code    16  stm32f10x_usart.o(.text)
    USART_ReceiverWakeUpCmd                  0x08001d07   Thumb Code    20  stm32f10x_usart.o(.text)
    USART_LINBreakDetectLengthConfig         0x08001d1b   Thumb Code    16  stm32f10x_usart.o(.text)
    USART_LINCmd                             0x08001d2b   Thumb Code    20  stm32f10x_usart.o(.text)
    USART_SendData                           0x08001d3f   Thumb Code     8  stm32f10x_usart.o(.text)
    USART_ReceiveData                        0x08001d47   Thumb Code     8  stm32f10x_usart.o(.text)
    USART_SendBreak                          0x08001d4f   Thumb Code    10  stm32f10x_usart.o(.text)
    USART_SetGuardTime                       0x08001d59   Thumb Code    16  stm32f10x_usart.o(.text)
    USART_SetPrescaler                       0x08001d69   Thumb Code    16  stm32f10x_usart.o(.text)
    USART_SmartCardCmd                       0x08001d79   Thumb Code    20  stm32f10x_usart.o(.text)
    USART_SmartCardNACKCmd                   0x08001d8d   Thumb Code    20  stm32f10x_usart.o(.text)
    USART_HalfDuplexCmd                      0x08001da1   Thumb Code    20  stm32f10x_usart.o(.text)
    USART_OverSampling8Cmd                   0x08001db5   Thumb Code    20  stm32f10x_usart.o(.text)
    USART_OneBitMethodCmd                    0x08001dc9   Thumb Code    20  stm32f10x_usart.o(.text)
    USART_IrDAConfig                         0x08001ddd   Thumb Code    16  stm32f10x_usart.o(.text)
    USART_IrDACmd                            0x08001ded   Thumb Code    20  stm32f10x_usart.o(.text)
    USART_GetFlagStatus                      0x08001e01   Thumb Code    14  stm32f10x_usart.o(.text)
    USART_ClearFlag                          0x08001e0f   Thumb Code     6  stm32f10x_usart.o(.text)
    USART_GetITStatus                        0x08001e15   Thumb Code    62  stm32f10x_usart.o(.text)
    USART_ClearITPendingBit                  0x08001e53   Thumb Code    12  stm32f10x_usart.o(.text)
    CAN1_RX0_IRQHandler                      0x08001e75   Thumb Code    10  main.o(.text)
    main                                     0x08001e7f   Thumb Code   294  main.o(.text)
    benzhan(unsigned char)                   0x08002009   Thumb Code   146  main_cls_didoaiao.o(.text)
    linjia(unsigned char, unsigned char)     0x0800209b   Thumb Code    52  main_cls_didoaiao.o(.text)
    chengzhu(unsigned char, unsigned char, unsigned char) 0x080020cf   Thumb Code    52  main_cls_didoaiao.o(.text)
    data_jiexi()                             0x08002103   Thumb Code    42  main_cls_didoaiao.o(.text)
    C_DIDOAIAO::Initial()                    0x0800212d   Thumb Code   584  main_cls_didoaiao.o(.text)
    C_DIDOAIAO::Scan100uS()                  0x08002375   Thumb Code   766  main_cls_didoaiao.o(.text)
    C_DIDOAIAO::Scanfor()                    0x08002673   Thumb Code    54  main_cls_didoaiao.o(.text)
    C_DIDOAIAO::Scan1S()                     0x080026a9   Thumb Code    58  main_cls_didoaiao.o(.text)
    USART_Config                             0x0800270d   Thumb Code   166  bsp_usart.o(.text)
    Usart_SendByte                           0x080027b3   Thumb Code    22  bsp_usart.o(.text)
    Usart_SendHalfWord                       0x080027c9   Thumb Code    36  bsp_usart.o(.text)
    Usart_SendArray                          0x080027ed   Thumb Code    50  bsp_usart.o(.text)
    Usart_SendStr                            0x0800281f   Thumb Code    40  bsp_usart.o(.text)
    fputc                                    0x08002847   Thumb Code    30  bsp_usart.o(.text)
    fgetc                                    0x08002865   Thumb Code    26  bsp_usart.o(.text)
    USART3_IRQHandler                        0x0800287f   Thumb Code   102  bsp_usart.o(.text)
    paraCheck()                              0x080028f1   Thumb Code   304  app.o(.text)
    autoAction()                             0x08002a21   Thumb Code   932  app.o(.text)
    paraDownLoad()                           0x08002dc5   Thumb Code   302  app.o(.text)
    manalMode()                              0x08002ef3   Thumb Code    76  app.o(.text)
    APP_USART_Config                         0x08002fd1   Thumb Code   136  app_usart.o(.text)
    APP_Usart_SendByte                       0x08003059   Thumb Code    22  app_usart.o(.text)
    APP_Usart_SendHalfWord                   0x0800306f   Thumb Code    24  app_usart.o(.text)
    APP_Usart_SendArray                      0x08003087   Thumb Code    34  app_usart.o(.text)
    APP_Usart_SendStr                        0x080030a9   Thumb Code    28  app_usart.o(.text)
    APP_fputc                                0x080030c5   Thumb Code    30  app_usart.o(.text)
    __aeabi_memcpy                           0x080030ed   Thumb Code    36  memcpya.o(.text)
    __aeabi_memcpy4                          0x080030ed   Thumb Code     0  memcpya.o(.text)
    __aeabi_memcpy8                          0x080030ed   Thumb Code     0  memcpya.o(.text)
    __cpp_initialize__aeabi_                 0x08003111   Thumb Code    22  cpp_init.o(.text)
    __aeabi_uldivmod                         0x08003131   Thumb Code    98  uldiv.o(.text)
    __scatterload                            0x08003195   Thumb Code    28  init.o(.text)
    __scatterload_rt2                        0x08003195   Thumb Code     0  init.o(.text)
    __aeabi_llsl                             0x080031b9   Thumb Code    30  llshl.o(.text)
    _ll_shift_l                              0x080031b9   Thumb Code     0  llshl.o(.text)
    __aeabi_llsr                             0x080031d7   Thumb Code    32  llushr.o(.text)
    _ll_ushift_r                             0x080031d7   Thumb Code     0  llushr.o(.text)
    PVD_IRQHandler                           0x080031f9   Thumb Code    64  yxf105gy_cls_canweb2.o(i.PVD_IRQHandler)
    SysTick_Handler                          0x08003245   Thumb Code    10  yxf105gy_cls_canweb2.o(i.SysTick_Handler)
    DifTime0Sub(unsigned)                    0x08003255   Thumb Code    18  yxf105gy_cls_canweb2.o(i._Z11DifTime0Subj)
    zcTimer_Init()                           0x0800326d   Thumb Code    46  yxf105gy_cls_canweb2.o(i._Z12zcTimer_Initv)
    IAP_buf_ReadFun(unsigned char, void*, unsigned short) 0x080032ad   Thumb Code    74  yxf105gy_cls_canweb2.o(i._Z15IAP_buf_ReadFunhPvt)
    IAP_buf_EraseFun(unsigned char)          0x08003305   Thumb Code    22  yxf105gy_cls_canweb2.o(i._Z16IAP_buf_EraseFunh)
    IAP_buf_WriteFun(unsigned char, void*, unsigned short) 0x08003321   Thumb Code    84  yxf105gy_cls_canweb2.o(i._Z16IAP_buf_WriteFunhPvt)
    IAP_buf_FLASH_Lock()                     0x08003381   Thumb Code     4  yxf105gy_cls_canweb2.o(i._Z18IAP_buf_FLASH_Lockv)
    YXCAN1_EXT_Ini_BRt(unsigned short)       0x08003385   Thumb Code   274  yxf105gy_cls_canweb2.o(i._Z18YXCAN1_EXT_Ini_BRtt)
    YXCAN1_EXT_Ini_Msk(unsigned char, unsigned, unsigned char) 0x080034a1   Thumb Code   100  yxf105gy_cls_canweb2.o(i._Z18YXCAN1_EXT_Ini_Mskhjh)
    YXCAN2_EXT_Ini_BRt(unsigned short)       0x08003505   Thumb Code   264  yxf105gy_cls_canweb2.o(i._Z18YXCAN2_EXT_Ini_BRtt)
    YXCAN2_EXT_Ini_Msk(unsigned char, unsigned, unsigned char) 0x08003615   Thumb Code   100  yxf105gy_cls_canweb2.o(i._Z18YXCAN2_EXT_Ini_Mskhjh)
    YXCANx_EXT_SendMsg(unsigned char, S_CAN_Msg*) 0x08003679   Thumb Code    76  yxf105gy_cls_canweb2.o(i._Z18YXCANx_EXT_SendMsghP9S_CAN_Msg)
    YXCANx_EXT_ReceiveMsg(unsigned char, S_CAN_Msg*, unsigned char) 0x080036d1   Thumb Code    92  yxf105gy_cls_canweb2.o(i._Z21YXCANx_EXT_ReceiveMsghP9S_CAN_Msgh)
    WDT_Feed()                               0x08003739   Thumb Code     4  yxf105gy_cls_canweb2.o(i._Z8WDT_Feedv)
    WDT_Init(unsigned short)                 0x0800373d   Thumb Code    42  yxf105gy_cls_canweb2.o(i._Z8WDT_Initt)
    YX_Delay(unsigned short)                 0x08003767   Thumb Code    14  yxf105gy_cls_canweb2.o(i._Z8YX_Delayt)
    C_CmAIAO_Bf::GetDOFmAO(unsigned short)   0x08003775   Thumb Code    38  yxf105gy_cls_canweb2.o(i._ZN11C_CmAIAO_Bf9GetDOFmAOEt)
    C_CmAIAO_Bf::RstDIToAI(unsigned short)   0x080037a1   Thumb Code    42  yxf105gy_cls_canweb2.o(i._ZN11C_CmAIAO_Bf9RstDIToAIEt)
    C_CmAIAO_Bf::SetDIToAI(unsigned short)   0x080037d1   Thumb Code    42  yxf105gy_cls_canweb2.o(i._ZN11C_CmAIAO_Bf9SetDIToAIEt)
    C_Timer::Reset()                         0x08003801   Thumb Code    10  yxf105gy_cls_canweb2.o(i._ZN7C_Timer5ResetEv)
    C_Timer::Initial()                       0x08003811   Thumb Code    10  yxf105gy_cls_canweb2.o(i._ZN7C_Timer7InitialEv)
    C_Timer::PastX10uS()                     0x08003821   Thumb Code     6  yxf105gy_cls_canweb2.o(i._ZN7C_Timer9PastX10uSEv)
    C_Timer::C_Timer()                       0x08003829   Thumb Code     8  yxf105gy_cls_canweb2.o(i._ZN7C_TimerC1Ev)
    C_Timer::C_Timer__sub_object()           0x08003829   Thumb Code     0  yxf105gy_cls_canweb2.o(i._ZN7C_TimerC1Ev)
    C_CANWeb::SIO_Temperature(short)         0x08003835   Thumb Code    32  yxf105gy_cls_canweb2.o(i._ZN8C_CANWeb15SIO_TemperatureEs)
    C_CANWeb::SndCANMsg_In_FIFO()            0x08003859   Thumb Code   560  yxf105gy_cls_canweb2.o(i._ZN8C_CANWeb17SndCANMsg_In_FIFOEv)
    C_CANWeb::Scan_for_SndCANMsg()           0x08003a91   Thumb Code   760  yxf105gy_cls_canweb2.o(i._ZN8C_CANWeb18Scan_for_SndCANMsgEv)
    C_CANWeb::Initial()                      0x08003d91   Thumb Code  1070  yxf105gy_cls_canweb2.o(i._ZN8C_CANWeb7InitialEv)
    C_CANWeb::RcvCANMsg(unsigned char, unsigned char) 0x080041c5   Thumb Code   636  yxf105gy_cls_canweb2.o(i._ZN8C_CANWeb9RcvCANMsgEhh)
    C_CANWeb::SIO_AISet(unsigned short, short) 0x0800444d   Thumb Code    32  yxf105gy_cls_canweb2.o(i._ZN8C_CANWeb9SIO_AISetEts)
    C_CANWeb::SIO_AOVal(unsigned short)      0x08004471   Thumb Code    30  yxf105gy_cls_canweb2.o(i._ZN8C_CANWeb9SIO_AOValEt)
    C_CANWeb::SIO_DIRst(unsigned short)      0x08004495   Thumb Code    40  yxf105gy_cls_canweb2.o(i._ZN8C_CANWeb9SIO_DIRstEt)
    C_CANWeb::SIO_DISet(unsigned short)      0x080044c1   Thumb Code    40  yxf105gy_cls_canweb2.o(i._ZN8C_CANWeb9SIO_DISetEt)
    C_CANWeb::SIO_DOVal(unsigned short)      0x080044ed   Thumb Code    34  yxf105gy_cls_canweb2.o(i._ZN8C_CANWeb9SIO_DOValEt)
    C_CfgSWDI::Scan_for100uS()               0x08004515   Thumb Code    54  yxf105gy_cls_canweb2.o(i._ZN9C_CfgSWDI13Scan_for100uSEv)
    C_CfgSWDI::Initial()                     0x08004555   Thumb Code    56  yxf105gy_cls_canweb2.o(i._ZN9C_CfgSWDI7InitialEv)
    __0printf$5                              0x08004595   Thumb Code    22  printf5.o(i.__0printf$5)
    __1printf$5                              0x08004595   Thumb Code     0  printf5.o(i.__0printf$5)
    __2printf                                0x08004595   Thumb Code     0  printf5.o(i.__0printf$5)
    __scatterload_copy                       0x080045b5   Thumb Code    14  handlers.o(i.__scatterload_copy)
    __scatterload_null                       0x080045c3   Thumb Code     2  handlers.o(i.__scatterload_null)
    __scatterload_zeroinit                   0x080045c5   Thumb Code    14  handlers.o(i.__scatterload_zeroinit)
    SystemFrequency                          0x080048a4   Data           4  system_stm32f10x.o(.constdata)
    Region$$Table$$Base                      0x08004940   Number         0  anon$$obj.o(Region$$Table)
    Region$$Table$$Limit                     0x08004960   Number         0  anon$$obj.o(Region$$Table)
    SHT$$INIT_ARRAY$$Base                    0x08004960   Number         0  main.o(.init_array)
    SHT$$INIT_ARRAY$$Limit                   0x08004968   Number         0  cpp_init.o(.init_array)
    SystemInitialOK128                       0x20000014   Data           1  main.o(.data)
    ADcolumnnumber                           0x20000015   Data           1  main_cls_didoaiao.o(.data)
    DOS                                      0x20000018   Data         128  mapping.o(.data)
    parts                                    0x20000098   Data          64  mapping.o(.data)
    fun                                      0x200000d8   Data          14  mapping.o(.data)
    rec_flag                                 0x200000e6   Data           1  bsp_usart.o(.data)
    rec_index                                0x200000e7   Data           1  bsp_usart.o(.data)
    rec_datas                                0x200000e9   Data           3  bsp_usart.o(.data)
    AutoComplete                             0x200000ec   Data           1  app.o(.data)
    DownloadFlag                             0x200000ed   Data           1  app.o(.data)
    ActionDown                               0x200000ee   Data           1  app.o(.data)
    NoParaAct                                0x200000ef   Data           1  app.o(.data)
    zCCfgSW_DIOnOff                          0x200000f0   Data           1  yxf105gy_cls_canweb2.o(.data)
    PZAI                                     0x200000f4   Data           4  yxf105gy_cls_canweb2.o(.data)
    pAI0t3                                   0x200000f8   Data           4  yxf105gy_cls_canweb2.o(.data)
    pAI4t7                                   0x200000fc   Data           4  yxf105gy_cls_canweb2.o(.data)
    GY_SysTickCNT                            0x20000100   Data           4  yxf105gy_cls_canweb2.o(.data)
    IAP_DestAddr                             0x20000104   Data           4  yxf105gy_cls_canweb2.o(.data)
    CCNWb_ztimIOScan1ms                      0x20000108   Data           4  yxf105gy_cls_canweb2.o(.data)
    czCmAIAO_Bf                              0x2000010c   Data           6  yxf105gy_cls_canweb2.o(.data)
    zCCfgSW_DIOnOffBefore                    0x20000112   Data           1  yxf105gy_cls_canweb2.o(.data)
    __stdout                                 0x20000114   Data           4  stdout.o(.data)
    cIO                                      0x20000118   Data          60  main.o(.bss)
    cCfgSWDI                                 0x20000154   Data          12  main.o(.bss)
    ADC_SumValue                             0x20000160   Data          24  main_cls_didoaiao.o(.bss)
    ADC_usart_SumValue                       0x20000178   Data          24  main_cls_didoaiao.o(.bss)
    ADC_ConvertedValue                       0x20000190   Data          24  main_cls_didoaiao.o(.bss)
    GYAO_Bf                                  0x200001a8   Data          16  yxf105gy_cls_canweb2.o(.bss)
    CmAI_Bf                                  0x200001b8   Data         260  yxf105gy_cls_canweb2.o(.bss)
    CmAO_Bf                                  0x200002bc   Data         260  yxf105gy_cls_canweb2.o(.bss)
    BOD_Ax_Bf                                0x200003c0   Data         256  yxf105gy_cls_canweb2.o(.bss)
    STMF105SndCanData                        0x200004c0   Data          20  yxf105gy_cls_canweb2.o(.bss)
    STMF105RxMessage                         0x200004d4   Data          20  yxf105gy_cls_canweb2.o(.bss)
    IAP_buf_RWGY                             0x200004e8   Data         256  yxf105gy_cls_canweb2.o(.bss)
    cCW                                      0x200005e8   Data         928  yxf105gy_cls_canweb2.o(.bss)
    __initial_sp                             0x20000d88   Data           0  startup_stm32f10x_cl.o(STACK)



==============================================================================

Memory Map of the image

  Image Entry point : 0x08000151

  Load Region LR_IROM1 (Base: 0x08000000, Size: 0x00004a80, Max: 0x00040000, ABSOLUTE)

    Execution Region ER_IROM1 (Exec base: 0x08000000, Load base: 0x08000000, Size: 0x00004968, Max: 0x00040000, ABSOLUTE)

    Exec Addr    Load Addr    Size         Type   Attr      Idx    E Section Name        Object

    0x08000000   0x08000000   0x00000150   Data   RO           40    RESET               startup_stm32f10x_cl.o
    0x08000150   0x08000150   0x00000000   Code   RO          222  * .ARM.Collect$$$$00000000  mc_w.l(entry.o)
    0x08000150   0x08000150   0x00000004   Code   RO          362    .ARM.Collect$$$$00000001  mc_w.l(entry2.o)
    0x08000154   0x08000154   0x00000004   Code   RO          365    .ARM.Collect$$$$00000004  mc_w.l(entry5.o)
    0x08000158   0x08000158   0x00000000   Code   RO          367    .ARM.Collect$$$$00000008  mc_w.l(entry7b.o)
    0x08000158   0x08000158   0x00000004   Code   RO          368    .ARM.Collect$$$$00000009  mc_w.l(entry8a.o)
    0x0800015c   0x0800015c   0x00000000   Code   RO          369    .ARM.Collect$$$$0000000A  mc_w.l(entry8b.o)
    0x0800015c   0x0800015c   0x00000008   Code   RO          370    .ARM.Collect$$$$0000000B  mc_w.l(entry9a.o)
    0x08000164   0x08000164   0x00000004   Code   RO          377    .ARM.Collect$$$$0000000E  mc_w.l(entry12b.o)
    0x08000168   0x08000168   0x00000000   Code   RO          372    .ARM.Collect$$$$0000000F  mc_w.l(entry10a.o)
    0x08000168   0x08000168   0x00000000   Code   RO          374    .ARM.Collect$$$$00000011  mc_w.l(entry11a.o)
    0x08000168   0x08000168   0x00000004   Code   RO          363    .ARM.Collect$$$$00002712  mc_w.l(entry2.o)
    0x0800016c   0x0800016c   0x00000330   Code   RO            4    .text               stm32f10x_adc.o
    0x0800049c   0x0800049c   0x00000720   Code   RO            8    .text               stm32f10x_can.o
    0x08000bbc   0x08000bbc   0x000001c8   Code   RO           16    .text               stm32f10x_dma.o
    0x08000d84   0x08000d84   0x0000026c   Code   RO           20    .text               stm32f10x_gpio.o
    0x08000ff0   0x08000ff0   0x0000003c   Code   RO           24    .text               stm32f10x_iwdg.o
    0x0800102c   0x0800102c   0x0000035c   Code   RO           28    .text               stm32f10x_rcc.o
    0x08001388   0x08001388   0x0000047c   Code   RO           33    .text               stm32f10x_flash.o
    0x08001804   0x08001804   0x000000b0   Code   RO           37    .text               misc.o
    0x080018b4   0x080018b4   0x00000024   Code   RO           41    .text               startup_stm32f10x_cl.o
    0x080018d8   0x080018d8   0x000000e0   Code   RO           45    .text               system_stm32f10x.o
    0x080019b8   0x080019b8   0x000000ac   Code   RO           54    .text               stm32f10x_pwr.o
    0x08001a64   0x08001a64   0x000000e8   Code   RO           58    .text               stm32f10x_exti.o
    0x08001b4c   0x08001b4c   0x00000328   Code   RO           62    .text               stm32f10x_usart.o
    0x08001e74   0x08001e74   0x00000194   Code   RO           70    .text               main.o
    0x08002008   0x08002008   0x00000704   Code   RO           79    .text               main_cls_didoaiao.o
    0x0800270c   0x0800270c   0x000001e4   Code   RO           93    .text               bsp_usart.o
    0x080028f0   0x080028f0   0x000006e0   Code   RO          103    .text               app.o
    0x08002fd0   0x08002fd0   0x0000011c   Code   RO          111    .text               app_usart.o
    0x080030ec   0x080030ec   0x00000024   Code   RO          225    .text               mc_w.l(memcpya.o)
    0x08003110   0x08003110   0x00000020   Code   RO          361    .text               mc_w.l(cpp_init.o)
    0x08003130   0x08003130   0x00000062   Code   RO          380    .text               mc_w.l(uldiv.o)
    0x08003192   0x08003192   0x00000002   PAD
    0x08003194   0x08003194   0x00000024   Code   RO          387    .text               mc_w.l(init.o)
    0x080031b8   0x080031b8   0x0000001e   Code   RO          388    .text               mc_w.l(llshl.o)
    0x080031d6   0x080031d6   0x00000020   Code   RO          389    .text               mc_w.l(llushr.o)
    0x080031f6   0x080031f6   0x00000002   PAD
    0x080031f8   0x080031f8   0x0000004c   Code   RO          114    i.PVD_IRQHandler    YXF105GY_CLS_CANWeb2.lib(yxf105gy_cls_canweb2.o)
    0x08003244   0x08003244   0x00000010   Code   RO          115    i.SysTick_Handler   YXF105GY_CLS_CANWeb2.lib(yxf105gy_cls_canweb2.o)
    0x08003254   0x08003254   0x00000018   Code   RO          117    i._Z11DifTime0Subj  YXF105GY_CLS_CANWeb2.lib(yxf105gy_cls_canweb2.o)
    0x0800326c   0x0800326c   0x00000040   Code   RO          119    i._Z12zcTimer_Initv  YXF105GY_CLS_CANWeb2.lib(yxf105gy_cls_canweb2.o)
    0x080032ac   0x080032ac   0x00000058   Code   RO          121    i._Z15IAP_buf_ReadFunhPvt  YXF105GY_CLS_CANWeb2.lib(yxf105gy_cls_canweb2.o)
    0x08003304   0x08003304   0x0000001c   Code   RO          122    i._Z16IAP_buf_EraseFunh  YXF105GY_CLS_CANWeb2.lib(yxf105gy_cls_canweb2.o)
    0x08003320   0x08003320   0x00000060   Code   RO          123    i._Z16IAP_buf_WriteFunhPvt  YXF105GY_CLS_CANWeb2.lib(yxf105gy_cls_canweb2.o)
    0x08003380   0x08003380   0x00000004   Code   RO          124    i._Z18IAP_buf_FLASH_Lockv  YXF105GY_CLS_CANWeb2.lib(yxf105gy_cls_canweb2.o)
    0x08003384   0x08003384   0x0000011c   Code   RO          125    i._Z18YXCAN1_EXT_Ini_BRtt  YXF105GY_CLS_CANWeb2.lib(yxf105gy_cls_canweb2.o)
    0x080034a0   0x080034a0   0x00000064   Code   RO          126    i._Z18YXCAN1_EXT_Ini_Mskhjh  YXF105GY_CLS_CANWeb2.lib(yxf105gy_cls_canweb2.o)
    0x08003504   0x08003504   0x00000110   Code   RO          127    i._Z18YXCAN2_EXT_Ini_BRtt  YXF105GY_CLS_CANWeb2.lib(yxf105gy_cls_canweb2.o)
    0x08003614   0x08003614   0x00000064   Code   RO          128    i._Z18YXCAN2_EXT_Ini_Mskhjh  YXF105GY_CLS_CANWeb2.lib(yxf105gy_cls_canweb2.o)
    0x08003678   0x08003678   0x00000058   Code   RO          129    i._Z18YXCANx_EXT_SendMsghP9S_CAN_Msg  YXF105GY_CLS_CANWeb2.lib(yxf105gy_cls_canweb2.o)
    0x080036d0   0x080036d0   0x00000068   Code   RO          130    i._Z21YXCANx_EXT_ReceiveMsghP9S_CAN_Msgh  YXF105GY_CLS_CANWeb2.lib(yxf105gy_cls_canweb2.o)
    0x08003738   0x08003738   0x00000004   Code   RO          131    i._Z8WDT_Feedv      YXF105GY_CLS_CANWeb2.lib(yxf105gy_cls_canweb2.o)
    0x0800373c   0x0800373c   0x0000002a   Code   RO          132    i._Z8WDT_Initt      YXF105GY_CLS_CANWeb2.lib(yxf105gy_cls_canweb2.o)
    0x08003766   0x08003766   0x0000000e   Code   RO          133    i._Z8YX_Delayt      YXF105GY_CLS_CANWeb2.lib(yxf105gy_cls_canweb2.o)
    0x08003774   0x08003774   0x0000002c   Code   RO          140    i._ZN11C_CmAIAO_Bf9GetDOFmAOEt  YXF105GY_CLS_CANWeb2.lib(yxf105gy_cls_canweb2.o)
    0x080037a0   0x080037a0   0x00000030   Code   RO          141    i._ZN11C_CmAIAO_Bf9RstDIToAIEt  YXF105GY_CLS_CANWeb2.lib(yxf105gy_cls_canweb2.o)
    0x080037d0   0x080037d0   0x00000030   Code   RO          143    i._ZN11C_CmAIAO_Bf9SetDIToAIEt  YXF105GY_CLS_CANWeb2.lib(yxf105gy_cls_canweb2.o)
    0x08003800   0x08003800   0x00000010   Code   RO          145    i._ZN7C_Timer5ResetEv  YXF105GY_CLS_CANWeb2.lib(yxf105gy_cls_canweb2.o)
    0x08003810   0x08003810   0x00000010   Code   RO          146    i._ZN7C_Timer7InitialEv  YXF105GY_CLS_CANWeb2.lib(yxf105gy_cls_canweb2.o)
    0x08003820   0x08003820   0x00000006   Code   RO          148    i._ZN7C_Timer9PastX10uSEv  YXF105GY_CLS_CANWeb2.lib(yxf105gy_cls_canweb2.o)
    0x08003826   0x08003826   0x00000002   PAD
    0x08003828   0x08003828   0x0000000c   Code   RO          149    i._ZN7C_TimerC1Ev   YXF105GY_CLS_CANWeb2.lib(yxf105gy_cls_canweb2.o)
    0x08003834   0x08003834   0x00000024   Code   RO          151    i._ZN8C_CANWeb15SIO_TemperatureEs  YXF105GY_CLS_CANWeb2.lib(yxf105gy_cls_canweb2.o)
    0x08003858   0x08003858   0x00000238   Code   RO          152    i._ZN8C_CANWeb17SndCANMsg_In_FIFOEv  YXF105GY_CLS_CANWeb2.lib(yxf105gy_cls_canweb2.o)
    0x08003a90   0x08003a90   0x00000300   Code   RO          153    i._ZN8C_CANWeb18Scan_for_SndCANMsgEv  YXF105GY_CLS_CANWeb2.lib(yxf105gy_cls_canweb2.o)
    0x08003d90   0x08003d90   0x00000434   Code   RO          155    i._ZN8C_CANWeb7InitialEv  YXF105GY_CLS_CANWeb2.lib(yxf105gy_cls_canweb2.o)
    0x080041c4   0x080041c4   0x00000288   Code   RO          156    i._ZN8C_CANWeb9RcvCANMsgEhh  YXF105GY_CLS_CANWeb2.lib(yxf105gy_cls_canweb2.o)
    0x0800444c   0x0800444c   0x00000024   Code   RO          157    i._ZN8C_CANWeb9SIO_AISetEts  YXF105GY_CLS_CANWeb2.lib(yxf105gy_cls_canweb2.o)
    0x08004470   0x08004470   0x00000024   Code   RO          158    i._ZN8C_CANWeb9SIO_AOValEt  YXF105GY_CLS_CANWeb2.lib(yxf105gy_cls_canweb2.o)
    0x08004494   0x08004494   0x0000002c   Code   RO          159    i._ZN8C_CANWeb9SIO_DIRstEt  YXF105GY_CLS_CANWeb2.lib(yxf105gy_cls_canweb2.o)
    0x080044c0   0x080044c0   0x0000002c   Code   RO          160    i._ZN8C_CANWeb9SIO_DISetEt  YXF105GY_CLS_CANWeb2.lib(yxf105gy_cls_canweb2.o)
    0x080044ec   0x080044ec   0x00000028   Code   RO          161    i._ZN8C_CANWeb9SIO_DOValEt  YXF105GY_CLS_CANWeb2.lib(yxf105gy_cls_canweb2.o)
    0x08004514   0x08004514   0x00000040   Code   RO          162    i._ZN9C_CfgSWDI13Scan_for100uSEv  YXF105GY_CLS_CANWeb2.lib(yxf105gy_cls_canweb2.o)
    0x08004554   0x08004554   0x00000040   Code   RO          163    i._ZN9C_CfgSWDI7InitialEv  YXF105GY_CLS_CANWeb2.lib(yxf105gy_cls_canweb2.o)
    0x08004594   0x08004594   0x00000020   Code   RO          294    i.__0printf$5       mc_w.l(printf5.o)
    0x080045b4   0x080045b4   0x0000000e   Code   RO          394    i.__scatterload_copy  mc_w.l(handlers.o)
    0x080045c2   0x080045c2   0x00000002   Code   RO          395    i.__scatterload_null  mc_w.l(handlers.o)
    0x080045c4   0x080045c4   0x0000000e   Code   RO          396    i.__scatterload_zeroinit  mc_w.l(handlers.o)
    0x080045d2   0x080045d2   0x00000002   PAD
    0x080045d4   0x080045d4   0x00000010   Code   RO          164    i.__sti___24_YXF105GY_CLS_CANWeb2_cpp  YXF105GY_CLS_CANWeb2.lib(yxf105gy_cls_canweb2.o)
    0x080045e4   0x080045e4   0x000002c0   Code   RO          301    i._printf_core      mc_w.l(printf5.o)
    0x080048a4   0x080048a4   0x00000004   Data   RO           46    .constdata          system_stm32f10x.o
    0x080048a8   0x080048a8   0x00000030   Data   RO          106    .constdata          app.o
    0x080048d8   0x080048d8   0x00000065   Data   RO           86    .conststring        mapping.o
    0x0800493d   0x0800493d   0x00000003   PAD
    0x08004940   0x08004940   0x00000020   Data   RO          392    Region$$Table       anon$$obj.o
    0x08004960   0x08004960   0x00000004   Data   RO           75    .init_array         main.o
    0x08004964   0x08004960   0x00000004   Data   RO          221    .init_array         YXF105GY_CLS_CANWeb2.lib(yxf105gy_cls_canweb2.o)
    0x08004968   0x08004960   0x00000000   Data   RO          359    .init_array         mc_w.l(cpp_init.o)


    Execution Region RW_IRAM1 (Exec base: 0x20000000, Load base: 0x08004968, Size: 0x00000d88, Max: 0x00010000, ABSOLUTE)

    Exec Addr    Load Addr    Size         Type   Attr      Idx    E Section Name        Object

    0x20000000   0x08004968   0x00000014   Data   RW           29    .data               stm32f10x_rcc.o
    0x20000014   0x0800497c   0x00000001   Data   RW           74    .data               main.o
    0x20000015   0x0800497d   0x00000001   Data   RW           82    .data               main_cls_didoaiao.o
    0x20000016   0x0800497e   0x00000002   PAD
    0x20000018   0x08004980   0x00000080   Data   RW           87    .data               mapping.o
    0x20000098   0x08004a00   0x00000040   Data   RW           88    .data               mapping.o
    0x200000d8   0x08004a40   0x0000000e   Data   RW           89    .data               mapping.o
    0x200000e6   0x08004a4e   0x00000006   Data   RW           94    .data               bsp_usart.o
    0x200000ec   0x08004a54   0x00000004   Data   RW          107    .data               app.o
    0x200000f0   0x08004a58   0x00000022   Data   RW          219    .data               YXF105GY_CLS_CANWeb2.lib(yxf105gy_cls_canweb2.o)
    0x20000112   0x08004a7a   0x00000001   Data   RW          220    .data               YXF105GY_CLS_CANWeb2.lib(yxf105gy_cls_canweb2.o)
    0x20000113   0x08004a7b   0x00000001   PAD
    0x20000114   0x08004a7c   0x00000004   Data   RW          378    .data               mc_w.l(stdout.o)
    0x20000118        -       0x00000048   Zero   RW           72    .bss                main.o
    0x20000160        -       0x00000048   Zero   RW           81    .bss                main_cls_didoaiao.o
    0x200001a8        -       0x00000440   Zero   RW          216    .bss                YXF105GY_CLS_CANWeb2.lib(yxf105gy_cls_canweb2.o)
    0x200005e8        -       0x000003a0   Zero   RW          218    .bss                YXF105GY_CLS_CANWeb2.lib(yxf105gy_cls_canweb2.o)
    0x20000988        -       0x00000400   Zero   RW           38    STACK               startup_stm32f10x_cl.o


==============================================================================

Image component sizes


      Code (inc. data)   RO Data    RW Data    ZI Data      Debug   Object Name

      1760        382         48          4          0          0   app.o
       284         10          0          0          0          0   app_usart.o
       484         12          0          6          0          0   bsp_usart.o
       404         66          4          1         72          0   main.o
      1796        106          0          1         72          0   main_cls_didoaiao.o
         0          0        101        206          0          0   mapping.o
       176         14          0          0          0          0   misc.o
        36          8        336          0       1024          0   startup_stm32f10x_cl.o
       816         24          0          0          0          0   stm32f10x_adc.o
      1824         42          0          0          0          0   stm32f10x_can.o
       456         10          0          0          0          0   stm32f10x_dma.o
       232          8          0          0          0          0   stm32f10x_exti.o
      1148         22          0          0          0          0   stm32f10x_flash.o
       620         36          0          0          0          0   stm32f10x_gpio.o
        60          6          0          0          0          0   stm32f10x_iwdg.o
       172         12          0          0          0          0   stm32f10x_pwr.o
       860         40          0         20          0          0   stm32f10x_rcc.o
       808         22          0          0          0          0   stm32f10x_usart.o
       224         16          4          0          0          0   system_stm32f10x.o

    ----------------------------------------------------------------------
     12160        836        528        240       1168          0   Object Totals
         0          0         32          0          0          0   (incl. Generated)
         0          0          3          2          0          0   (incl. Padding)

    ----------------------------------------------------------------------

      Code (inc. data)   RO Data    RW Data    ZI Data      Debug   Library Member Name

      5034        250          4         35       2016          0   yxf105gy_cls_canweb2.o
        32         10          0          0          0          0   cpp_init.o
         0          0          0          0          0          0   entry.o
         0          0          0          0          0          0   entry10a.o
         0          0          0          0          0          0   entry11a.o
         4          0          0          0          0          0   entry12b.o
         8          4          0          0          0          0   entry2.o
         4          0          0          0          0          0   entry5.o
         0          0          0          0          0          0   entry7b.o
         4          0          0          0          0          0   entry8a.o
         0          0          0          0          0          0   entry8b.o
         8          4          0          0          0          0   entry9a.o
        30          0          0          0          0          0   handlers.o
        36          8          0          0          0          0   init.o
        30          0          0          0          0          0   llshl.o
        32          0          0          0          0          0   llushr.o
        36          0          0          0          0          0   memcpya.o
       736         54          0          0          0          0   printf5.o
         0          0          0          4          0          0   stdout.o
        98          0          0          0          0          0   uldiv.o

    ----------------------------------------------------------------------
      6100        330          4         40       2016          0   Library Totals
         8          0          0          1          0          0   (incl. Padding)

    ----------------------------------------------------------------------

      Code (inc. data)   RO Data    RW Data    ZI Data      Debug   Library Name

      5034        250          4         35       2016          0   YXF105GY_CLS_CANWeb2.lib
      1058         80          0          4          0          0   mc_w.l

    ----------------------------------------------------------------------
      6100        330          4         40       2016          0   Library Totals

    ----------------------------------------------------------------------

==============================================================================


      Code (inc. data)   RO Data    RW Data    ZI Data      Debug   

     18260       1166        532        280       3184          0   Grand Totals
     18260       1166        532        280       3184          0   ELF Image Totals
     18260       1166        532        280          0          0   ROM Totals

==============================================================================

    Total RO  Size (Code + RO Data)                18792 (  18.35kB)
    Total RW  Size (RW Data + ZI Data)              3464 (   3.38kB)
    Total ROM Size (Code + RO Data + RW Data)      19072 (  18.63kB)

==============================================================================

