<html>
<body>
<pre>
<h1>µVision Build Log</h1>
<h2>Tool Versions:</h2>
IDE-Version: ¦ÌVision V5.43.0.0
Copyright (C) 2025 ARM Ltd and ARM Germany GmbH. All rights reserved.
License Information: HUANG »Æ×ÓÑô, HP Inc., LIC=EXJT4-FNWI8-Y88FK-ZC7RK-9RM74-X5XSA
 
Tool Versions:
Toolchain:       MDK-ARM Plus  Version: 5.43.0.0
Toolchain Path:  D:\MDKKEIL\ARM\ARMCC\Bin
C Compiler:      Armcc.exe V5.06 update 7 (build 960)
Assembler:       Armasm.exe V5.06 update 7 (build 960)
Linker/Locator:  ArmLink.exe V5.06 update 7 (build 960)
Library Manager: ArmAr.exe V5.06 update 7 (build 960)
Hex Converter:   FromElf.exe V5.06 update 7 (build 960)
CPU DLL:         SARMCM3.DLL V5.43.0.0
Dialog DLL:      DCM.DLL V1.17.5.0
Target DLL:      STLink\ST-LINKIII-KEIL_SWO.dll V3.3.1.0
Dialog DLL:      TCM.DLL V1.56.6.0
 
<h2>Project:</h2>
C:\Users\HZY\Desktop\HPU\Miner Slave Station\slave-station\CANWebSTM105Keildw.uvprojx
Project File Date:  03/17/2026

<h2>Output:</h2>
*** Using Compiler 'V5.06 update 7 (build 960)', folder: 'D:\MDKKEIL\ARM\ARMCC\Bin'
*** Warning: You are compiling one or more files of source type C++ and have selected 'use MicroLIB'. MicroLIB does not support C++!
  
Rebuild target 'CANWebSTMF105'
assembling startup_stm32f10x_cl.s...
compiling stm32f10x_usart.c...
compiling stm32f10x_gpio.c...
compiling stm32f10x_adc.c...
compiling stm32f10x_rcc.c...
compiling stm32f10x_flash.c...
compiling misc.c...
compiling stm32f10x_spi.c...
compiling stm32f10x_dac.c...
compiling stm32f10x_exti.c...
compiling stm32f10x_iwdg.c...
compiling system_stm32f10x.c...
compiling stm32f10x_pwr.c...
compiling stm32f10x_dma.c...
compiling main.cpp...
user\app_usart.h(34): warning:  #1-D: last line of file ends without a newline
  #endif // _APP_USART_H_
user\main.cpp: 1 warning, 0 errors
compiling stm32f10x_can.c...
compiling main_CLS_DIDOAIAO.cpp...
compiling jiexi.c...
compiling mapping.c...
compiling bsp_usart.c...
compiling bsp_spi.c...
compiling app.cpp...
compiling app_usart.c...
user\app_usart.h(34): warning:  #1-D: last line of file ends without a newline
  #endif // _APP_USART_H_
user\app_usart.c(90): warning:  #1-D: last line of file ends without a newline
  }
user\app_usart.c: 2 warnings, 0 errors
linking...
Program Size: Code=18260 RO-data=532 RW-data=280 ZI-data=3184  
FromELF: creating hex file...
".\Obj\CANWebSTMF105.axf" - 0 Error(s), 3 Warning(s).

<h2>Software Packages used:</h2>

Package Vendor: ARM
                http://www.keil.com/pack/ARM.CMSIS.5.9.0.pack
                ARM::CMSIS@5.9.0
                CMSIS (Common Microcontroller Software Interface Standard)
   * Component: CORE Version: 5.6.0

Package Vendor: Keil
                https://www.keil.com/pack/Keil.STM32F1xx_DFP.2.4.1.pack
                Keil::STM32F1xx_DFP@2.4.1
                STMicroelectronics STM32F1 Series Device Support, Drivers and Examples

<h2>Collection of Component include folders:</h2>
  ./RTE/_CANWebSTMF105
  D:/MDKKEIL/ARM/CMSIS/5.9.0/CMSIS/Core/Include
  D:/MDKKEIL/Keil/STM32F1xx_DFP/2.4.1/Device/Include

<h2>Collection of Component Files used:</h2>

   * Component: ARM::CMSIS:CORE@5.6.0
Build Time Elapsed:  00:00:01
</pre>
</body>
</html>
